{
  "version": "1.5.0",
  "plugins_used": [
    {
      "name": "ArtifactoryDetector"
    },
    {
      "name": "AWSKeyDetector"
    },
    {
      "name": "AzureStorageKeyDetector"
    },
    {
      "name": "Base64HighEntropyString",
      "limit": 4.5
    },
    {
      "name": "BasicAuthDetector"
    },
    {
      "name": "CloudantDetector"
    },
    {
      "name": "DiscordBotTokenDetector"
    },
    {
      "name": "GitHubTokenDetector"
    },
    {
      "name": "GitLabTokenDetector"
    },
    {
      "name": "HexHighEntropyString",
      "limit": 3.0
    },
    {
      "name": "IbmCloudIamDetector"
    },
    {
      "name": "IbmCosHmacDetector"
    },
    {
      "name": "IPPublicDetector"
    },
    {
      "name": "JwtTokenDetector"
    },
    {
      "name": "KeywordDetector",
      "keyword_exclude": ""
    },
    {
      "name": "MailchimpDetector"
    },
    {
      "name": "NpmDetector"
    },
    {
      "name": "OpenAIDetector"
    },
    {
      "name": "PrivateKeyDetector"
    },
    {
      "name": "PypiTokenDetector"
    },
    {
      "name": "SendGridDetector"
    },
    {
      "name": "SlackDetector"
    },
    {
      "name": "SoftlayerDetector"
    },
    {
      "name": "SquareOAuthDetector"
    },
    {
      "name": "StripeDetector"
    },
    {
      "name": "TelegramBotTokenDetector"
    },
    {
      "name": "TwilioKeyDetector"
    }
  ],
  "filters_used": [
    {
      "path": "detect_secrets.filters.allowlist.is_line_allowlisted"
    },
    {
      "path": "detect_secrets.filters.common.is_ignored_due_to_verification_policies",
      "min_level": 2
    },
    {
      "path": "detect_secrets.filters.heuristic.is_indirect_reference"
    },
    {
      "path": "detect_secrets.filters.heuristic.is_likely_id_string"
    },
    {
      "path": "detect_secrets.filters.heuristic.is_lock_file"
    },
    {
      "path": "detect_secrets.filters.heuristic.is_not_alphanumeric_string"
    },
    {
      "path": "detect_secrets.filters.heuristic.is_potential_uuid"
    },
    {
      "path": "detect_secrets.filters.heuristic.is_prefixed_with_dollar_sign"
    },
    {
      "path": "detect_secrets.filters.heuristic.is_sequential_string"
    },
    {
      "path": "detect_secrets.filters.heuristic.is_swagger_file"
    },
    {
      "path": "detect_secrets.filters.heuristic.is_templated_secret"
    }
  ],
  "results": {
    ".mypy_cache/3.8/_ast.meta.json": [
      {
        "type": "Hex High Entropy String",
        "filename": ".mypy_cache/3.8/_ast.meta.json",
        "hashed_secret": "48ee7266c80914c00c07cf477f3c150458373f94",
        "is_verified": false,
        "line_number": 1
      },
      {
        "type": "Hex High Entropy String",
        "filename": ".mypy_cache/3.8/_ast.meta.json",
        "hashed_secret": "b9b4e181100549cc12cf142ca412f89ff23b1d47",
        "is_verified": false,
        "line_number": 1
      }
    ],
    ".mypy_cache/3.8/_asyncio.meta.json": [
      {
        "type": "Hex High Entropy String",
        "filename": ".mypy_cache/3.8/_asyncio.meta.json",
        "hashed_secret": "33f9fc62efa7785881991e6d21e4815b385f6cfe",
        "is_verified": false,
        "line_number": 1
      },
      {
        "type": "Hex High Entropy String",
        "filename": ".mypy_cache/3.8/_asyncio.meta.json",
        "hashed_secret": "97f379fd5c6aad0d5c37ba13a9b642f14e27b5e0",
        "is_verified": false,
        "line_number": 1
      }
    ],
    ".mypy_cache/3.8/_bz2.meta.json": [
      {
        "type": "Hex High Entropy String",
        "filename": ".mypy_cache/3.8/_bz2.meta.json",
        "hashed_secret": "04ac5ffdc0f541a2f5968a432f86374a0361b3de",
        "is_verified": false,
        "line_number": 1
      },
      {
        "type": "Hex High Entropy String",
        "filename": ".mypy_cache/3.8/_bz2.meta.json",
        "hashed_secret": "a0635c796702469c221be926e01cd60e2c6012a1",
        "is_verified": false,
        "line_number": 1
      }
    ],
    ".mypy_cache/3.8/_codecs.meta.json": [
      {
        "type": "Hex High Entropy String",
        "filename": ".mypy_cache/3.8/_codecs.meta.json",
        "hashed_secret": "054e2758fa56d547a2fa0b3019b5300e646e7178",
        "is_verified": false,
        "line_number": 1
      },
      {
        "type": "Hex High Entropy String",
        "filename": ".mypy_cache/3.8/_codecs.meta.json",
        "hashed_secret": "9283bd827dbacfb24fc90db79f799bb817ab846a",
        "is_verified": false,
        "line_number": 1
      }
    ],
    ".mypy_cache/3.8/_collections_abc.meta.json": [
      {
        "type": "Hex High Entropy String",
        "filename": ".mypy_cache/3.8/_collections_abc.meta.json",
        "hashed_secret": "834d06a724c895a2c34c44aac4e508d11f8d3eb1",
        "is_verified": false,
        "line_number": 1
      },
      {
        "type": "Hex High Entropy String",
        "filename": ".mypy_cache/3.8/_collections_abc.meta.json",
        "hashed_secret": "e71df3c0f64b124dfdca8c96836ee1a16a5bd523",
        "is_verified": false,
        "line_number": 1
      }
    ],
    ".mypy_cache/3.8/_compression.meta.json": [
      {
        "type": "Hex High Entropy String",
        "filename": ".mypy_cache/3.8/_compression.meta.json",
        "hashed_secret": "32e7efaaa4fe875fddae69f087bef5e9d87d14fd",
        "is_verified": false,
        "line_number": 1
      },
      {
        "type": "Hex High Entropy String",
        "filename": ".mypy_cache/3.8/_compression.meta.json",
        "hashed_secret": "523dbb1ba245a01dc972c17dd03f755daa25f7ed",
        "is_verified": false,
        "line_number": 1
      }
    ],
    ".mypy_cache/3.8/_contextvars.meta.json": [
      {
        "type": "Hex High Entropy String",
        "filename": ".mypy_cache/3.8/_contextvars.meta.json",
        "hashed_secret": "04f3dc2ae5680116e355918d79574d856da117ab",
        "is_verified": false,
        "line_number": 1
      },
      {
        "type": "Hex High Entropy String",
        "filename": ".mypy_cache/3.8/_contextvars.meta.json",
        "hashed_secret": "1a024955e24316ddb7cc1aa8088f9b1d295bd57b",
        "is_verified": false,
        "line_number": 1
      }
    ],
    ".mypy_cache/3.8/_ctypes.meta.json": [
      {
        "type": "Hex High Entropy String",
        "filename": ".mypy_cache/3.8/_ctypes.meta.json",
        "hashed_secret": "4c687bfb783247aa8384a351c6cb546823e322ff",
        "is_verified": false,
        "line_number": 1
      },
      {
        "type": "Hex High Entropy String",
        "filename": ".mypy_cache/3.8/_ctypes.meta.json",
        "hashed_secret": "9d8b10caa6464f41117f9ce1115f83127681a4f0",
        "is_verified": false,
        "line_number": 1
      }
    ],
    ".mypy_cache/3.8/_frozen_importlib.meta.json": [
      {
        "type": "Hex High Entropy String",
        "filename": ".mypy_cache/3.8/_frozen_importlib.meta.json",
        "hashed_secret": "3910c171e81c6385faff47cea05456979e1e5b64",
        "is_verified": false,
        "line_number": 1
      },
      {
        "type": "Hex High Entropy String",
        "filename": ".mypy_cache/3.8/_frozen_importlib.meta.json",
        "hashed_secret": "9cf86ac3dc4d64b4f96d63c7303efc380152af26",
        "is_verified": false,
        "line_number": 1
      }
    ],
    ".mypy_cache/3.8/_frozen_importlib_external.meta.json": [
      {
        "type": "Hex High Entropy String",
        "filename": ".mypy_cache/3.8/_frozen_importlib_external.meta.json",
        "hashed_secret": "256ed90db5af3d030bc622bb8a7fe1dd10dda313",
        "is_verified": false,
        "line_number": 1
      },
      {
        "type": "Hex High Entropy String",
        "filename": ".mypy_cache/3.8/_frozen_importlib_external.meta.json",
        "hashed_secret": "961ede1110cc5c600aa1be3e770fb746bc7b7545",
        "is_verified": false,
        "line_number": 1
      }
    ],
    ".mypy_cache/3.8/_io.meta.json": [
      {
        "type": "Hex High Entropy String",
        "filename": ".mypy_cache/3.8/_io.meta.json",
        "hashed_secret": "3ed2e6e3c028786a30e4c39deaaa5ae9d24c1aee",
        "is_verified": false,
        "line_number": 1
      },
      {
        "type": "Hex High Entropy String",
        "filename": ".mypy_cache/3.8/_io.meta.json",
        "hashed_secret": "a9ccb19ca73fd302c5fda8c16dfc5df719b51252",
        "is_verified": false,
        "line_number": 1
      }
    ],
    ".mypy_cache/3.8/_pickle.meta.json": [
      {
        "type": "Hex High Entropy String",
        "filename": ".mypy_cache/3.8/_pickle.meta.json",
        "hashed_secret": "892e2b4d96319c91b396426cc251bb7dd9c8b6a6",
        "is_verified": false,
        "line_number": 1
      },
      {
        "type": "Hex High Entropy String",
        "filename": ".mypy_cache/3.8/_pickle.meta.json",
        "hashed_secret": "92a5a863a307c1204191a5de91ec2720a2d940be",
        "is_verified": false,
        "line_number": 1
      }
    ],
    ".mypy_cache/3.8/_queue.meta.json": [
      {
        "type": "Hex High Entropy String",
        "filename": ".mypy_cache/3.8/_queue.meta.json",
        "hashed_secret": "9c515f8c6bcf73bbfaaeb1cfe1656d251e8c55d1",
        "is_verified": false,
        "line_number": 1
      },
      {
        "type": "Hex High Entropy String",
        "filename": ".mypy_cache/3.8/_queue.meta.json",
        "hashed_secret": "b690b6ac11685c9a7981716d0c7c1d3a85809985",
        "is_verified": false,
        "line_number": 1
      }
    ],
    ".mypy_cache/3.8/_sitebuiltins.meta.json": [
      {
        "type": "Hex High Entropy String",
        "filename": ".mypy_cache/3.8/_sitebuiltins.meta.json",
        "hashed_secret": "16319948aac99c008c95ea88c9b4712a64bcc2d2",
        "is_verified": false,
        "line_number": 1
      },
      {
        "type": "Hex High Entropy String",
        "filename": ".mypy_cache/3.8/_sitebuiltins.meta.json",
        "hashed_secret": "b5288c1e6770ffa60a22c965d1c8859069ee6d75",
        "is_verified": false,
        "line_number": 1
      }
    ],
    ".mypy_cache/3.8/_socket.meta.json": [
      {
        "type": "Hex High Entropy String",
        "filename": ".mypy_cache/3.8/_socket.meta.json",
        "hashed_secret": "262ca181e0a113f3a25cd0c84deb6ca074076fa0",
        "is_verified": false,
        "line_number": 1
      },
      {
        "type": "Hex High Entropy String",
        "filename": ".mypy_cache/3.8/_socket.meta.json",
        "hashed_secret": "aeee3e15d234c8528b50c7cb626a412d32d747bd",
        "is_verified": false,
        "line_number": 1
      }
    ],
    ".mypy_cache/3.8/_ssl.meta.json": [
      {
        "type": "Hex High Entropy String",
        "filename": ".mypy_cache/3.8/_ssl.meta.json",
        "hashed_secret": "00f899036622af0d269bde98006da654cdc08e8e",
        "is_verified": false,
        "line_number": 1
      },
      {
        "type": "Hex High Entropy String",
        "filename": ".mypy_cache/3.8/_ssl.meta.json",
        "hashed_secret": "c41a04cfac7549b807090481000bd2512e81a3c0",
        "is_verified": false,
        "line_number": 1
      }
    ],
    ".mypy_cache/3.8/_thread.meta.json": [
      {
        "type": "Hex High Entropy String",
        "filename": ".mypy_cache/3.8/_thread.meta.json",
        "hashed_secret": "5f6095ce815b1e6f3ef6c6e182b58556c1a24ec9",
        "is_verified": false,
        "line_number": 1
      },
      {
        "type": "Hex High Entropy String",
        "filename": ".mypy_cache/3.8/_thread.meta.json",
        "hashed_secret": "c56542d5953cfc9325513e991cdb66ab597d932b",
        "is_verified": false,
        "line_number": 1
      }
    ],
    ".mypy_cache/3.8/_typeshed/__init__.meta.json": [
      {
        "type": "Hex High Entropy String",
        "filename": ".mypy_cache/3.8/_typeshed/__init__.meta.json",
        "hashed_secret": "b6e0aecaf9c71e40e9fe7d44dd1ce079b0b54a08",
        "is_verified": false,
        "line_number": 1
      },
      {
        "type": "Hex High Entropy String",
        "filename": ".mypy_cache/3.8/_typeshed/__init__.meta.json",
        "hashed_secret": "cdccd1fd6a6d845b4e499c14cf477b1c6e76c6ca",
        "is_verified": false,
        "line_number": 1
      }
    ],
    ".mypy_cache/3.8/_typeshed/importlib.meta.json": [
      {
        "type": "Hex High Entropy String",
        "filename": ".mypy_cache/3.8/_typeshed/importlib.meta.json",
        "hashed_secret": "b16d078b5a72e4dda231b48d107fde54030688dd",
        "is_verified": false,
        "line_number": 1
      },
      {
        "type": "Hex High Entropy String",
        "filename": ".mypy_cache/3.8/_typeshed/importlib.meta.json",
        "hashed_secret": "d9214b29d7c69720753638f019901c2db302bbb8",
        "is_verified": false,
        "line_number": 1
      }
    ],
    ".mypy_cache/3.8/_warnings.meta.json": [
      {
        "type": "Hex High Entropy String",
        "filename": ".mypy_cache/3.8/_warnings.meta.json",
        "hashed_secret": "c77a73c681f169c59e85d0cfd3f2f7eb4b58d090",
        "is_verified": false,
        "line_number": 1
      },
      {
        "type": "Hex High Entropy String",
        "filename": ".mypy_cache/3.8/_warnings.meta.json",
        "hashed_secret": "f98b5fb5fb99c1a02de6de44175fe43de92af9e5",
        "is_verified": false,
        "line_number": 1
      }
    ],
    ".mypy_cache/3.8/_weakref.meta.json": [
      {
        "type": "Hex High Entropy String",
        "filename": ".mypy_cache/3.8/_weakref.meta.json",
        "hashed_secret": "4f6b32e7f96a336606923909b9c87fd5eb4d6452",
        "is_verified": false,
        "line_number": 1
      },
      {
        "type": "Hex High Entropy String",
        "filename": ".mypy_cache/3.8/_weakref.meta.json",
        "hashed_secret": "9ff15a74a82456782fff9e445baddbc67fc832b2",
        "is_verified": false,
        "line_number": 1
      }
    ],
    ".mypy_cache/3.8/_weakrefset.meta.json": [
      {
        "type": "Hex High Entropy String",
        "filename": ".mypy_cache/3.8/_weakrefset.meta.json",
        "hashed_secret": "2d3171e4775e3e3c71381834311c11a6254e6e48",
        "is_verified": false,
        "line_number": 1
      },
      {
        "type": "Hex High Entropy String",
        "filename": ".mypy_cache/3.8/_weakrefset.meta.json",
        "hashed_secret": "e9ce676d7f9ffc853429296d29b0b58dd168fa29",
        "is_verified": false,
        "line_number": 1
      }
    ],
    ".mypy_cache/3.8/abc.meta.json": [
      {
        "type": "Hex High Entropy String",
        "filename": ".mypy_cache/3.8/abc.meta.json",
        "hashed_secret": "9662a4945e04f9dfcd686446c0e43cc71fd383ae",
        "is_verified": false,
        "line_number": 1
      },
      {
        "type": "Hex High Entropy String",
        "filename": ".mypy_cache/3.8/abc.meta.json",
        "hashed_secret": "fe18d5ac33b5ebde193ae49f86895f0aa664c4eb",
        "is_verified": false,
        "line_number": 1
      }
    ],
    ".mypy_cache/3.8/argparse.meta.json": [
      {
        "type": "Hex High Entropy String",
        "filename": ".mypy_cache/3.8/argparse.meta.json",
        "hashed_secret": "b72b5bbf4eed115ffa606540fe231710d355dd5a",
        "is_verified": false,
        "line_number": 1
      },
      {
        "type": "Hex High Entropy String",
        "filename": ".mypy_cache/3.8/argparse.meta.json",
        "hashed_secret": "c0e9e54e312f59520e8737d781b654aee26f57a7",
        "is_verified": false,
        "line_number": 1
      }
    ],
    ".mypy_cache/3.8/ast.meta.json": [
      {
        "type": "Hex High Entropy String",
        "filename": ".mypy_cache/3.8/ast.meta.json",
        "hashed_secret": "109c360f2452e137540834838b3a4dae53869b69",
        "is_verified": false,
        "line_number": 1
      },
      {
        "type": "Hex High Entropy String",
        "filename": ".mypy_cache/3.8/ast.meta.json",
        "hashed_secret": "c73c7c0d7e723dea94e0eacba9fafa4abc16caba",
        "is_verified": false,
        "line_number": 1
      }
    ],
    ".mypy_cache/3.8/asyncio/__init__.meta.json": [
      {
        "type": "Hex High Entropy String",
        "filename": ".mypy_cache/3.8/asyncio/__init__.meta.json",
        "hashed_secret": "1561d6d630d3b9c2cc7399028421aa611eb28980",
        "is_verified": false,
        "line_number": 1
      },
      {
        "type": "Hex High Entropy String",
        "filename": ".mypy_cache/3.8/asyncio/__init__.meta.json",
        "hashed_secret": "dd8b3c2af9bf64d2f4758b0dd4133b93cc9f49ee",
        "is_verified": false,
        "line_number": 1
      }
    ],
    ".mypy_cache/3.8/asyncio/base_events.meta.json": [
      {
        "type": "Hex High Entropy String",
        "filename": ".mypy_cache/3.8/asyncio/base_events.meta.json",
        "hashed_secret": "84dba58566680e48a5ad8f4c81c3ad6f88d3a4b1",
        "is_verified": false,
        "line_number": 1
      },
      {
        "type": "Hex High Entropy String",
        "filename": ".mypy_cache/3.8/asyncio/base_events.meta.json",
        "hashed_secret": "9c5868ae166963b63ae349bc69bab8160f74c060",
        "is_verified": false,
        "line_number": 1
      }
    ],
    ".mypy_cache/3.8/asyncio/coroutines.meta.json": [
      {
        "type": "Hex High Entropy String",
        "filename": ".mypy_cache/3.8/asyncio/coroutines.meta.json",
        "hashed_secret": "8198eccad10d8e3132baa9dadae0be1639a9db2d",
        "is_verified": false,
        "line_number": 1
      },
      {
        "type": "Hex High Entropy String",
        "filename": ".mypy_cache/3.8/asyncio/coroutines.meta.json",
        "hashed_secret": "f3447a70f3090dc801fca9f9cdfe80f3ae657782",
        "is_verified": false,
        "line_number": 1
      }
    ],
    ".mypy_cache/3.8/asyncio/events.meta.json": [
      {
        "type": "Hex High Entropy String",
        "filename": ".mypy_cache/3.8/asyncio/events.meta.json",
        "hashed_secret": "4df9806987ef3553637aed54b108f756a0ba2446",
        "is_verified": false,
        "line_number": 1
      },
      {
        "type": "Hex High Entropy String",
        "filename": ".mypy_cache/3.8/asyncio/events.meta.json",
        "hashed_secret": "a725f41c233442c3154b95646405b3951011cdb4",
        "is_verified": false,
        "line_number": 1
      }
    ],
    ".mypy_cache/3.8/asyncio/exceptions.meta.json": [
      {
        "type": "Hex High Entropy String",
        "filename": ".mypy_cache/3.8/asyncio/exceptions.meta.json",
        "hashed_secret": "29aa2a676ea9540ce0faa4504220001e57ba3308",
        "is_verified": false,
        "line_number": 1
      },
      {
        "type": "Hex High Entropy String",
        "filename": ".mypy_cache/3.8/asyncio/exceptions.meta.json",
        "hashed_secret": "351c5bd176d83f7fc1e06150493930768cf2fb46",
        "is_verified": false,
        "line_number": 1
      }
    ],
    ".mypy_cache/3.8/asyncio/futures.meta.json": [
      {
        "type": "Hex High Entropy String",
        "filename": ".mypy_cache/3.8/asyncio/futures.meta.json",
        "hashed_secret": "bdd37142a7579609b242692315821a248af072e8",
        "is_verified": false,
        "line_number": 1
      },
      {
        "type": "Hex High Entropy String",
        "filename": ".mypy_cache/3.8/asyncio/futures.meta.json",
        "hashed_secret": "d5d20e110d8180e1b310b21559596c61944b4bfd",
        "is_verified": false,
        "line_number": 1
      }
    ],
    ".mypy_cache/3.8/asyncio/locks.meta.json": [
      {
        "type": "Hex High Entropy String",
        "filename": ".mypy_cache/3.8/asyncio/locks.meta.json",
        "hashed_secret": "e9968086085692bf30a9fd5f245103aa6f5e923d",
        "is_verified": false,
        "line_number": 1
      },
      {
        "type": "Hex High Entropy String",
        "filename": ".mypy_cache/3.8/asyncio/locks.meta.json",
        "hashed_secret": "fb0711cd6afe795cfad187a81f5ced494b3da4e0",
        "is_verified": false,
        "line_number": 1
      }
    ],
    ".mypy_cache/3.8/asyncio/protocols.meta.json": [
      {
        "type": "Hex High Entropy String",
        "filename": ".mypy_cache/3.8/asyncio/protocols.meta.json",
        "hashed_secret": "4cd0875becf20025aab102d04cad193c35108d7f",
        "is_verified": false,
        "line_number": 1
      },
      {
        "type": "Hex High Entropy String",
        "filename": ".mypy_cache/3.8/asyncio/protocols.meta.json",
        "hashed_secret": "ab6b21569ae742286617b350fa28e588f0106cd8",
        "is_verified": false,
        "line_number": 1
      }
    ],
    ".mypy_cache/3.8/asyncio/queues.meta.json": [
      {
        "type": "Hex High Entropy String",
        "filename": ".mypy_cache/3.8/asyncio/queues.meta.json",
        "hashed_secret": "2f916c5309c08c5a7d2666e0a8ccccf8fa057f14",
        "is_verified": false,
        "line_number": 1
      },
      {
        "type": "Hex High Entropy String",
        "filename": ".mypy_cache/3.8/asyncio/queues.meta.json",
        "hashed_secret": "c9c3c694b4347c04f98d625ba745f5d575d115c3",
        "is_verified": false,
        "line_number": 1
      }
    ],
    ".mypy_cache/3.8/asyncio/runners.meta.json": [
      {
        "type": "Hex High Entropy String",
        "filename": ".mypy_cache/3.8/asyncio/runners.meta.json",
        "hashed_secret": "0975136a9374d36977c5bd2b62621a49c6a9893c",
        "is_verified": false,
        "line_number": 1
      },
      {
        "type": "Hex High Entropy String",
        "filename": ".mypy_cache/3.8/asyncio/runners.meta.json",
        "hashed_secret": "0d7ad09b54a3d00d9f3208f5aa27f3bfc2158682",
        "is_verified": false,
        "line_number": 1
      }
    ],
    ".mypy_cache/3.8/asyncio/selector_events.meta.json": [
      {
        "type": "Hex High Entropy String",
        "filename": ".mypy_cache/3.8/asyncio/selector_events.meta.json",
        "hashed_secret": "0ec51db23d1b228467f5110a1e039f8a3322fe08",
        "is_verified": false,
        "line_number": 1
      },
      {
        "type": "Hex High Entropy String",
        "filename": ".mypy_cache/3.8/asyncio/selector_events.meta.json",
        "hashed_secret": "d813aa7ff4f7205bed286686deb104dc350d3e5c",
        "is_verified": false,
        "line_number": 1
      }
    ],
    ".mypy_cache/3.8/asyncio/streams.meta.json": [
      {
        "type": "Hex High Entropy String",
        "filename": ".mypy_cache/3.8/asyncio/streams.meta.json",
        "hashed_secret": "7125c7951d7587df0474ceb01a0e4a62ed525922",
        "is_verified": false,
        "line_number": 1
      },
      {
        "type": "Hex High Entropy String",
        "filename": ".mypy_cache/3.8/asyncio/streams.meta.json",
        "hashed_secret": "aee7082af14d3ff5cfcb31a0de20faf6ab96eb82",
        "is_verified": false,
        "line_number": 1
      }
    ],
    ".mypy_cache/3.8/asyncio/subprocess.meta.json": [
      {
        "type": "Hex High Entropy String",
        "filename": ".mypy_cache/3.8/asyncio/subprocess.meta.json",
        "hashed_secret": "2f29e9c400aed73c9d1988b7843fa0491995c4c5",
        "is_verified": false,
        "line_number": 1
      },
      {
        "type": "Hex High Entropy String",
        "filename": ".mypy_cache/3.8/asyncio/subprocess.meta.json",
        "hashed_secret": "355769110b3ea1fb69969d23c611b1d280ddea23",
        "is_verified": false,
        "line_number": 1
      }
    ],
    ".mypy_cache/3.8/asyncio/tasks.meta.json": [
      {
        "type": "Hex High Entropy String",
        "filename": ".mypy_cache/3.8/asyncio/tasks.meta.json",
        "hashed_secret": "3331208e3679ced8b73772f9b0de04c379b47b26",
        "is_verified": false,
        "line_number": 1
      },
      {
        "type": "Hex High Entropy String",
        "filename": ".mypy_cache/3.8/asyncio/tasks.meta.json",
        "hashed_secret": "90608412a1154419a44e5ad9fa97bc6da0908e8c",
        "is_verified": false,
        "line_number": 1
      }
    ],
    ".mypy_cache/3.8/asyncio/transports.meta.json": [
      {
        "type": "Hex High Entropy String",
        "filename": ".mypy_cache/3.8/asyncio/transports.meta.json",
        "hashed_secret": "a56bfadbc3e96d0d4bb680427dd355b559d13606",
        "is_verified": false,
        "line_number": 1
      },
      {
        "type": "Hex High Entropy String",
        "filename": ".mypy_cache/3.8/asyncio/transports.meta.json",
        "hashed_secret": "df715dbbf49f2a393cd799152abc48faa8d05deb",
        "is_verified": false,
        "line_number": 1
      }
    ],
    ".mypy_cache/3.8/asyncio/unix_events.meta.json": [
      {
        "type": "Hex High Entropy String",
        "filename": ".mypy_cache/3.8/asyncio/unix_events.meta.json",
        "hashed_secret": "c38d6ed8b9b19b69a1a3517f17a0eb752a695840",
        "is_verified": false,
        "line_number": 1
      },
      {
        "type": "Hex High Entropy String",
        "filename": ".mypy_cache/3.8/asyncio/unix_events.meta.json",
        "hashed_secret": "e4b1935787fef4dbfd7a7903ef420a25d5836fef",
        "is_verified": false,
        "line_number": 1
      }
    ],
    ".mypy_cache/3.8/builtins.meta.json": [
      {
        "type": "Hex High Entropy String",
        "filename": ".mypy_cache/3.8/builtins.meta.json",
        "hashed_secret": "91dd408726baf361dc16c1573a7f07fd042cc859",
        "is_verified": false,
        "line_number": 1
      },
      {
        "type": "Hex High Entropy String",
        "filename": ".mypy_cache/3.8/builtins.meta.json",
        "hashed_secret": "c625a1cf475e45b05bddcb4c81dbd12f938b7382",
        "is_verified": false,
        "line_number": 1
      }
    ],
    ".mypy_cache/3.8/bz2.meta.json": [
      {
        "type": "Hex High Entropy String",
        "filename": ".mypy_cache/3.8/bz2.meta.json",
        "hashed_secret": "698e3c623c44bc5432abb2f6e11720c2d6514bad",
        "is_verified": false,
        "line_number": 1
      },
      {
        "type": "Hex High Entropy String",
        "filename": ".mypy_cache/3.8/bz2.meta.json",
        "hashed_secret": "84713b5a939c9536cbe9fa2708602f1cdcb5c3d4",
        "is_verified": false,
        "line_number": 1
      }
    ],
    ".mypy_cache/3.8/codecs.meta.json": [
      {
        "type": "Hex High Entropy String",
        "filename": ".mypy_cache/3.8/codecs.meta.json",
        "hashed_secret": "361d1c06a03c5bb39f86c18e1c3f3a9216952ff5",
        "is_verified": false,
        "line_number": 1
      },
      {
        "type": "Hex High Entropy String",
        "filename": ".mypy_cache/3.8/codecs.meta.json",
        "hashed_secret": "d38bc9634595c732cd4fdc6c16b6e1191db1bb49",
        "is_verified": false,
        "line_number": 1
      }
    ],
    ".mypy_cache/3.8/collections/__init__.meta.json": [
      {
        "type": "Hex High Entropy String",
        "filename": ".mypy_cache/3.8/collections/__init__.meta.json",
        "hashed_secret": "61c41aa2b1a27f0bc5cd3896521e59463c699f2a",
        "is_verified": false,
        "line_number": 1
      },
      {
        "type": "Hex High Entropy String",
        "filename": ".mypy_cache/3.8/collections/__init__.meta.json",
        "hashed_secret": "79caba11b7f9ee884d2a1c0ca386d384527c8e74",
        "is_verified": false,
        "line_number": 1
      }
    ],
    ".mypy_cache/3.8/collections/abc.meta.json": [
      {
        "type": "Hex High Entropy String",
        "filename": ".mypy_cache/3.8/collections/abc.meta.json",
        "hashed_secret": "4aa4f21c9b748b782cb92066da4aaee27bc7a227",
        "is_verified": false,
        "line_number": 1
      },
      {
        "type": "Hex High Entropy String",
        "filename": ".mypy_cache/3.8/collections/abc.meta.json",
        "hashed_secret": "e9211ad7c900fc2960dc632ba58693af2934719f",
        "is_verified": false,
        "line_number": 1
      }
    ],
    ".mypy_cache/3.8/concurrent/__init__.meta.json": [
      {
        "type": "Hex High Entropy String",
        "filename": ".mypy_cache/3.8/concurrent/__init__.meta.json",
        "hashed_secret": "101dbf97d810888c15431cb28bc884b6dee8c39a",
        "is_verified": false,
        "line_number": 1
      },
      {
        "type": "Hex High Entropy String",
        "filename": ".mypy_cache/3.8/concurrent/__init__.meta.json",
        "hashed_secret": "10a34637ad661d98ba3344717656fcc76209c2f8",
        "is_verified": false,
        "line_number": 1
      }
    ],
    ".mypy_cache/3.8/concurrent/futures/__init__.meta.json": [
      {
        "type": "Hex High Entropy String",
        "filename": ".mypy_cache/3.8/concurrent/futures/__init__.meta.json",
        "hashed_secret": "4d69bde3c042d44b847e18ded69bd35271080993",
        "is_verified": false,
        "line_number": 1
      },
      {
        "type": "Hex High Entropy String",
        "filename": ".mypy_cache/3.8/concurrent/futures/__init__.meta.json",
        "hashed_secret": "e2363f40f7110c331f0b245bedd8e25348c4cc8d",
        "is_verified": false,
        "line_number": 1
      }
    ],
    ".mypy_cache/3.8/concurrent/futures/_base.meta.json": [
      {
        "type": "Hex High Entropy String",
        "filename": ".mypy_cache/3.8/concurrent/futures/_base.meta.json",
        "hashed_secret": "8650be65662ffb580cd11319efd43663e6ef8fdc",
        "is_verified": false,
        "line_number": 1
      },
      {
        "type": "Hex High Entropy String",
        "filename": ".mypy_cache/3.8/concurrent/futures/_base.meta.json",
        "hashed_secret": "fe7a349dce8cbc60415752f180afd58068f15ed1",
        "is_verified": false,
        "line_number": 1
      }
    ],
    ".mypy_cache/3.8/concurrent/futures/process.meta.json": [
      {
        "type": "Hex High Entropy String",
        "filename": ".mypy_cache/3.8/concurrent/futures/process.meta.json",
        "hashed_secret": "c782335327e3a6a0c1ba75ad537263793b872c47",
        "is_verified": false,
        "line_number": 1
      },
      {
        "type": "Hex High Entropy String",
        "filename": ".mypy_cache/3.8/concurrent/futures/process.meta.json",
        "hashed_secret": "ff17509893f6459653addc259338eff0da19b83e",
        "is_verified": false,
        "line_number": 1
      }
    ],
    ".mypy_cache/3.8/concurrent/futures/thread.meta.json": [
      {
        "type": "Hex High Entropy String",
        "filename": ".mypy_cache/3.8/concurrent/futures/thread.meta.json",
        "hashed_secret": "3421cf2f5ed99ee9900382f42eaf08b6d4289030",
        "is_verified": false,
        "line_number": 1
      },
      {
        "type": "Hex High Entropy String",
        "filename": ".mypy_cache/3.8/concurrent/futures/thread.meta.json",
        "hashed_secret": "f7953560337bae84776d2fdf0940d04f96dc6153",
        "is_verified": false,
        "line_number": 1
      }
    ],
    ".mypy_cache/3.8/contextlib.meta.json": [
      {
        "type": "Hex High Entropy String",
        "filename": ".mypy_cache/3.8/contextlib.meta.json",
        "hashed_secret": "29e32db43e86243b6a927f2c75c84c8fe6a97f6a",
        "is_verified": false,
        "line_number": 1
      },
      {
        "type": "Hex High Entropy String",
        "filename": ".mypy_cache/3.8/contextlib.meta.json",
        "hashed_secret": "47e0b76a86cb0027a685b570944978d2042128b8",
        "is_verified": false,
        "line_number": 1
      }
    ],
    ".mypy_cache/3.8/contextvars.meta.json": [
      {
        "type": "Hex High Entropy String",
        "filename": ".mypy_cache/3.8/contextvars.meta.json",
        "hashed_secret": "194457442e14f1b70f65483c29dff4c97e9314e1",
        "is_verified": false,
        "line_number": 1
      },
      {
        "type": "Hex High Entropy String",
        "filename": ".mypy_cache/3.8/contextvars.meta.json",
        "hashed_secret": "3b26fc7a39b940ab15cafc020d33602dd2d67aec",
        "is_verified": false,
        "line_number": 1
      }
    ],
    ".mypy_cache/3.8/copyreg.meta.json": [
      {
        "type": "Hex High Entropy String",
        "filename": ".mypy_cache/3.8/copyreg.meta.json",
        "hashed_secret": "33715d2858ac2aeb5061576cf15a5f57b58ecfc1",
        "is_verified": false,
        "line_number": 1
      },
      {
        "type": "Hex High Entropy String",
        "filename": ".mypy_cache/3.8/copyreg.meta.json",
        "hashed_secret": "94324ba4695bc3b95c951830c6dbb8a0fbdc52e4",
        "is_verified": false,
        "line_number": 1
      }
    ],
    ".mypy_cache/3.8/ctypes/__init__.meta.json": [
      {
        "type": "Hex High Entropy String",
        "filename": ".mypy_cache/3.8/ctypes/__init__.meta.json",
        "hashed_secret": "0763c226238f2615a596fc5bdd3b618991f0dca7",
        "is_verified": false,
        "line_number": 1
      },
      {
        "type": "Hex High Entropy String",
        "filename": ".mypy_cache/3.8/ctypes/__init__.meta.json",
        "hashed_secret": "2be687827fa4866d88d71637a0fcd639eeb55d23",
        "is_verified": false,
        "line_number": 1
      }
    ],
    ".mypy_cache/3.8/ctypes/_endian.meta.json": [
      {
        "type": "Hex High Entropy String",
        "filename": ".mypy_cache/3.8/ctypes/_endian.meta.json",
        "hashed_secret": "7070199ce3e26401a4a7e919c9617226e378b97e",
        "is_verified": false,
        "line_number": 1
      },
      {
        "type": "Hex High Entropy String",
        "filename": ".mypy_cache/3.8/ctypes/_endian.meta.json",
        "hashed_secret": "f06cb7e3e56dd7b2c180abe319044125c2bb8470",
        "is_verified": false,
        "line_number": 1
      }
    ],
    ".mypy_cache/3.8/dataclasses.meta.json": [
      {
        "type": "Hex High Entropy String",
        "filename": ".mypy_cache/3.8/dataclasses.meta.json",
        "hashed_secret": "dfb09c6bf6b4d719040008c3179e3471aac1095d",
        "is_verified": false,
        "line_number": 1
      },
      {
        "type": "Hex High Entropy String",
        "filename": ".mypy_cache/3.8/dataclasses.meta.json",
        "hashed_secret": "f5df5941a6571497f20a12d035814eef04aa5957",
        "is_verified": false,
        "line_number": 1
      }
    ],
    ".mypy_cache/3.8/datetime.meta.json": [
      {
        "type": "Hex High Entropy String",
        "filename": ".mypy_cache/3.8/datetime.meta.json",
        "hashed_secret": "5bdae69326e52e476deae81a895aec9a0588b77f",
        "is_verified": false,
        "line_number": 1
      },
      {
        "type": "Hex High Entropy String",
        "filename": ".mypy_cache/3.8/datetime.meta.json",
        "hashed_secret": "c95e5b6c63f439d2d2c131b24f35411263651cae",
        "is_verified": false,
        "line_number": 1
      }
    ],
    ".mypy_cache/3.8/dotenv/__init__.meta.json": [
      {
        "type": "Hex High Entropy String",
        "filename": ".mypy_cache/3.8/dotenv/__init__.meta.json",
        "hashed_secret": "4663fccedd4a2a4c62de48f07360921612404b73",
        "is_verified": false,
        "line_number": 1
      },
      {
        "type": "Hex High Entropy String",
        "filename": ".mypy_cache/3.8/dotenv/__init__.meta.json",
        "hashed_secret": "b82a8e924e87bcbe22c104a2a1535bd64a12899f",
        "is_verified": false,
        "line_number": 1
      }
    ],
    ".mypy_cache/3.8/dotenv/main.meta.json": [
      {
        "type": "Hex High Entropy String",
        "filename": ".mypy_cache/3.8/dotenv/main.meta.json",
        "hashed_secret": "03334838880de0a3ccd493a7b10367db9446aa11",
        "is_verified": false,
        "line_number": 1
      },
      {
        "type": "Hex High Entropy String",
        "filename": ".mypy_cache/3.8/dotenv/main.meta.json",
        "hashed_secret": "f91cadbc7b27835729ba8a8f989dd521704cd249",
        "is_verified": false,
        "line_number": 1
      }
    ],
    ".mypy_cache/3.8/dotenv/parser.meta.json": [
      {
        "type": "Hex High Entropy String",
        "filename": ".mypy_cache/3.8/dotenv/parser.meta.json",
        "hashed_secret": "403025ff0eb366da7c08a5ca569c867ecc115f19",
        "is_verified": false,
        "line_number": 1
      },
      {
        "type": "Hex High Entropy String",
        "filename": ".mypy_cache/3.8/dotenv/parser.meta.json",
        "hashed_secret": "d55fd34b0ec4e7dc2c142ec44378f533568bcbf0",
        "is_verified": false,
        "line_number": 1
      }
    ],
    ".mypy_cache/3.8/dotenv/variables.meta.json": [
      {
        "type": "Hex High Entropy String",
        "filename": ".mypy_cache/3.8/dotenv/variables.meta.json",
        "hashed_secret": "20f352e94d759c9bc63580d60ad139abff3303c4",
        "is_verified": false,
        "line_number": 1
      },
      {
        "type": "Hex High Entropy String",
        "filename": ".mypy_cache/3.8/dotenv/variables.meta.json",
        "hashed_secret": "483299a2d814f55cb0ed307a4870c0a54aac6b29",
        "is_verified": false,
        "line_number": 1
      }
    ],
    ".mypy_cache/3.8/email/__init__.meta.json": [
      {
        "type": "Hex High Entropy String",
        "filename": ".mypy_cache/3.8/email/__init__.meta.json",
        "hashed_secret": "9b90b36bbf4157434525e6382247054491d1cc8c",
        "is_verified": false,
        "line_number": 1
      },
      {
        "type": "Hex High Entropy String",
        "filename": ".mypy_cache/3.8/email/__init__.meta.json",
        "hashed_secret": "f7edce3484ded16a302bacdd806cffedb40f63cb",
        "is_verified": false,
        "line_number": 1
      }
    ],
    ".mypy_cache/3.8/email/_policybase.meta.json": [
      {
        "type": "Hex High Entropy String",
        "filename": ".mypy_cache/3.8/email/_policybase.meta.json",
        "hashed_secret": "576c2864b9ad80e8b2d53030714072ff8e62bd88",
        "is_verified": false,
        "line_number": 1
      },
      {
        "type": "Hex High Entropy String",
        "filename": ".mypy_cache/3.8/email/_policybase.meta.json",
        "hashed_secret": "e5842efd850a9afe0a125150c8dd379c95fa05c4",
        "is_verified": false,
        "line_number": 1
      }
    ],
    ".mypy_cache/3.8/email/charset.meta.json": [
      {
        "type": "Hex High Entropy String",
        "filename": ".mypy_cache/3.8/email/charset.meta.json",
        "hashed_secret": "369392909f9cfc417809dcc3a430b52e929325dd",
        "is_verified": false,
        "line_number": 1
      },
      {
        "type": "Hex High Entropy String",
        "filename": ".mypy_cache/3.8/email/charset.meta.json",
        "hashed_secret": "5e45ea13e02b09c65465f17eaf2a75865e9e3725",
        "is_verified": false,
        "line_number": 1
      }
    ],
    ".mypy_cache/3.8/email/contentmanager.meta.json": [
      {
        "type": "Hex High Entropy String",
        "filename": ".mypy_cache/3.8/email/contentmanager.meta.json",
        "hashed_secret": "24735c2e232bbb97da0cc5c61e58c172197ce1a6",
        "is_verified": false,
        "line_number": 1
      },
      {
        "type": "Hex High Entropy String",
        "filename": ".mypy_cache/3.8/email/contentmanager.meta.json",
        "hashed_secret": "3198ee5b31610f2a04a9cc7c79a80a58f91826e4",
        "is_verified": false,
        "line_number": 1
      }
    ],
    ".mypy_cache/3.8/email/errors.meta.json": [
      {
        "type": "Hex High Entropy String",
        "filename": ".mypy_cache/3.8/email/errors.meta.json",
        "hashed_secret": "25cc9feaa99f142f75635ad003621a0dacc3d623",
        "is_verified": false,
        "line_number": 1
      },
      {
        "type": "Hex High Entropy String",
        "filename": ".mypy_cache/3.8/email/errors.meta.json",
        "hashed_secret": "79271348d9b9d71d7f9af61f59e3d6452075419e",
        "is_verified": false,
        "line_number": 1
      }
    ],
    ".mypy_cache/3.8/email/header.meta.json": [
      {
        "type": "Hex High Entropy String",
        "filename": ".mypy_cache/3.8/email/header.meta.json",
        "hashed_secret": "5fb08648202351b7fc03cadad47e91dd1faf7334",
        "is_verified": false,
        "line_number": 1
      },
      {
        "type": "Hex High Entropy String",
        "filename": ".mypy_cache/3.8/email/header.meta.json",
        "hashed_secret": "a65e44eec2ad13d9a0e8d3ff3669d08e817b0f6e",
        "is_verified": false,
        "line_number": 1
      }
    ],
    ".mypy_cache/3.8/email/message.meta.json": [
      {
        "type": "Hex High Entropy String",
        "filename": ".mypy_cache/3.8/email/message.meta.json",
        "hashed_secret": "33f5bc579a834b9144ca95df1e126cecee2f6ec7",
        "is_verified": false,
        "line_number": 1
      },
      {
        "type": "Hex High Entropy String",
        "filename": ".mypy_cache/3.8/email/message.meta.json",
        "hashed_secret": "e6c37e7cffd790023adc4573707020ecffeab6e2",
        "is_verified": false,
        "line_number": 1
      }
    ],
    ".mypy_cache/3.8/email/policy.meta.json": [
      {
        "type": "Hex High Entropy String",
        "filename": ".mypy_cache/3.8/email/policy.meta.json",
        "hashed_secret": "4e891eb4781bbb0a791763f5ce00e8a6a4d0eaa5",
        "is_verified": false,
        "line_number": 1
      },
      {
        "type": "Hex High Entropy String",
        "filename": ".mypy_cache/3.8/email/policy.meta.json",
        "hashed_secret": "c0e6439bad329fd88488489c7c48cecca4602d8e",
        "is_verified": false,
        "line_number": 1
      }
    ],
    ".mypy_cache/3.8/enum.meta.json": [
      {
        "type": "Hex High Entropy String",
        "filename": ".mypy_cache/3.8/enum.meta.json",
        "hashed_secret": "1037abc937ef25e250e90d3b13c28bc9b07db8a4",
        "is_verified": false,
        "line_number": 1
      },
      {
        "type": "Hex High Entropy String",
        "filename": ".mypy_cache/3.8/enum.meta.json",
        "hashed_secret": "5ff24795de7aa1ff6d14b27b781c9f62a1de8a5d",
        "is_verified": false,
        "line_number": 1
      }
    ],
    ".mypy_cache/3.8/genericpath.meta.json": [
      {
        "type": "Hex High Entropy String",
        "filename": ".mypy_cache/3.8/genericpath.meta.json",
        "hashed_secret": "215c68de06bbf570f02a457f7b77dc7fa8dcc5ef",
        "is_verified": false,
        "line_number": 1
      },
      {
        "type": "Hex High Entropy String",
        "filename": ".mypy_cache/3.8/genericpath.meta.json",
        "hashed_secret": "915ea01bd0b1f7b3f7aec81952ac81be4700e12e",
        "is_verified": false,
        "line_number": 1
      }
    ],
    ".mypy_cache/3.8/gzip.meta.json": [
      {
        "type": "Hex High Entropy String",
        "filename": ".mypy_cache/3.8/gzip.meta.json",
        "hashed_secret": "533f7379481c599d62fbb6a0f8a1ba0fa7ce1853",
        "is_verified": false,
        "line_number": 1
      },
      {
        "type": "Hex High Entropy String",
        "filename": ".mypy_cache/3.8/gzip.meta.json",
        "hashed_secret": "9a234022e8d8b11d3e7606c1d5ff441ca90a7b03",
        "is_verified": false,
        "line_number": 1
      }
    ],
    ".mypy_cache/3.8/importlib/__init__.meta.json": [
      {
        "type": "Hex High Entropy String",
        "filename": ".mypy_cache/3.8/importlib/__init__.meta.json",
        "hashed_secret": "31f12fa380ee84c5c28c7fa5c1321c1af2b2e65c",
        "is_verified": false,
        "line_number": 1
      },
      {
        "type": "Hex High Entropy String",
        "filename": ".mypy_cache/3.8/importlib/__init__.meta.json",
        "hashed_secret": "8f4936c17e0cf3f6c4799f385c3d53935cf45b5e",
        "is_verified": false,
        "line_number": 1
      }
    ],
    ".mypy_cache/3.8/importlib/_bootstrap.meta.json": [
      {
        "type": "Hex High Entropy String",
        "filename": ".mypy_cache/3.8/importlib/_bootstrap.meta.json",
        "hashed_secret": "08dccdfa00cd985d7f8eb3dc8d2615166b05678d",
        "is_verified": false,
        "line_number": 1
      },
      {
        "type": "Hex High Entropy String",
        "filename": ".mypy_cache/3.8/importlib/_bootstrap.meta.json",
        "hashed_secret": "d90492c3363f28b697e12bb0850168632dc19f99",
        "is_verified": false,
        "line_number": 1
      }
    ],
    ".mypy_cache/3.8/importlib/_bootstrap_external.meta.json": [
      {
        "type": "Hex High Entropy String",
        "filename": ".mypy_cache/3.8/importlib/_bootstrap_external.meta.json",
        "hashed_secret": "164da4c0f62fb3c4d3bf91b11e95a8fa0a8c67a7",
        "is_verified": false,
        "line_number": 1
      },
      {
        "type": "Hex High Entropy String",
        "filename": ".mypy_cache/3.8/importlib/_bootstrap_external.meta.json",
        "hashed_secret": "ae09bfdc483f783b661276bfc3b4021cbf930d92",
        "is_verified": false,
        "line_number": 1
      }
    ],
    ".mypy_cache/3.8/importlib/abc.meta.json": [
      {
        "type": "Hex High Entropy String",
        "filename": ".mypy_cache/3.8/importlib/abc.meta.json",
        "hashed_secret": "7347ccc3928a12854be62325790660c3540cde4a",
        "is_verified": false,
        "line_number": 1
      },
      {
        "type": "Hex High Entropy String",
        "filename": ".mypy_cache/3.8/importlib/abc.meta.json",
        "hashed_secret": "793572ebc40096d3204d7cbe3ee47a75e8804ea1",
        "is_verified": false,
        "line_number": 1
      }
    ],
    ".mypy_cache/3.8/importlib/machinery.meta.json": [
      {
        "type": "Hex High Entropy String",
        "filename": ".mypy_cache/3.8/importlib/machinery.meta.json",
        "hashed_secret": "a69fc669eb1ea2cb65acbb2cba94e8a2417fe9a2",
        "is_verified": false,
        "line_number": 1
      },
      {
        "type": "Hex High Entropy String",
        "filename": ".mypy_cache/3.8/importlib/machinery.meta.json",
        "hashed_secret": "f97ab467dfdd7856755c89c981e2c1c06145cad3",
        "is_verified": false,
        "line_number": 1
      }
    ],
    ".mypy_cache/3.8/importlib/metadata/__init__.meta.json": [
      {
        "type": "Hex High Entropy String",
        "filename": ".mypy_cache/3.8/importlib/metadata/__init__.meta.json",
        "hashed_secret": "59a1881662fe17c4320d1c54d60021903c744c8e",
        "is_verified": false,
        "line_number": 1
      },
      {
        "type": "Hex High Entropy String",
        "filename": ".mypy_cache/3.8/importlib/metadata/__init__.meta.json",
        "hashed_secret": "c82b8b0621acdbd429d0bd0a43b8be6b13d03bc7",
        "is_verified": false,
        "line_number": 1
      }
    ],
    ".mypy_cache/3.8/io.meta.json": [
      {
        "type": "Hex High Entropy String",
        "filename": ".mypy_cache/3.8/io.meta.json",
        "hashed_secret": "b6966ba8c4e1f003fa9d3a2a124b2ab3803936ce",
        "is_verified": false,
        "line_number": 1
      },
      {
        "type": "Hex High Entropy String",
        "filename": ".mypy_cache/3.8/io.meta.json",
        "hashed_secret": "cab5f49897c6995dd6c26ec04e82b360e327fb7e",
        "is_verified": false,
        "line_number": 1
      }
    ],
    ".mypy_cache/3.8/json/__init__.meta.json": [
      {
        "type": "Hex High Entropy String",
        "filename": ".mypy_cache/3.8/json/__init__.meta.json",
        "hashed_secret": "a94eda9f5bac4342235a3154a96c2bdfeb0c1de5",
        "is_verified": false,
        "line_number": 1
      },
      {
        "type": "Hex High Entropy String",
        "filename": ".mypy_cache/3.8/json/__init__.meta.json",
        "hashed_secret": "e7f980f0f7286e7a2717bbfe57ac0bd78c9a3a39",
        "is_verified": false,
        "line_number": 1
      }
    ],
    ".mypy_cache/3.8/json/decoder.meta.json": [
      {
        "type": "Hex High Entropy String",
        "filename": ".mypy_cache/3.8/json/decoder.meta.json",
        "hashed_secret": "bc60bf76279c1051fdd0ae5352b3b2dc803f6f8b",
        "is_verified": false,
        "line_number": 1
      },
      {
        "type": "Hex High Entropy String",
        "filename": ".mypy_cache/3.8/json/decoder.meta.json",
        "hashed_secret": "ee91590a276a9915a899d385818a3c6dd2b601de",
        "is_verified": false,
        "line_number": 1
      }
    ],
    ".mypy_cache/3.8/json/encoder.meta.json": [
      {
        "type": "Hex High Entropy String",
        "filename": ".mypy_cache/3.8/json/encoder.meta.json",
        "hashed_secret": "32b9f9b2a1e3a9e02f9d754caf5bc0952ae6bbef",
        "is_verified": false,
        "line_number": 1
      },
      {
        "type": "Hex High Entropy String",
        "filename": ".mypy_cache/3.8/json/encoder.meta.json",
        "hashed_secret": "7ed8aff68f6e530de8be928c7a5b6c077f3f1cb3",
        "is_verified": false,
        "line_number": 1
      }
    ],
    ".mypy_cache/3.8/logging/__init__.meta.json": [
      {
        "type": "Hex High Entropy String",
        "filename": ".mypy_cache/3.8/logging/__init__.meta.json",
        "hashed_secret": "25348f4da2c5d09216546e4bfd9b696fc9e16c1c",
        "is_verified": false,
        "line_number": 1
      },
      {
        "type": "Hex High Entropy String",
        "filename": ".mypy_cache/3.8/logging/__init__.meta.json",
        "hashed_secret": "a75f435f296be68be063c487662765613543a434",
        "is_verified": false,
        "line_number": 1
      }
    ],
    ".mypy_cache/3.8/multiprocessing/__init__.meta.json": [
      {
        "type": "Hex High Entropy String",
        "filename": ".mypy_cache/3.8/multiprocessing/__init__.meta.json",
        "hashed_secret": "ce0c5442d7aa591cab983e4d41c2f95d6f782519",
        "is_verified": false,
        "line_number": 1
      },
      {
        "type": "Hex High Entropy String",
        "filename": ".mypy_cache/3.8/multiprocessing/__init__.meta.json",
        "hashed_secret": "fac69aefe737550ce2fdb2346ac7602efefb02c7",
        "is_verified": false,
        "line_number": 1
      }
    ],
    ".mypy_cache/3.8/multiprocessing/connection.meta.json": [
      {
        "type": "Hex High Entropy String",
        "filename": ".mypy_cache/3.8/multiprocessing/connection.meta.json",
        "hashed_secret": "33db16e3ada2752fc065277c908c8b51676ad48d",
        "is_verified": false,
        "line_number": 1
      },
      {
        "type": "Hex High Entropy String",
        "filename": ".mypy_cache/3.8/multiprocessing/connection.meta.json",
        "hashed_secret": "e34af2d9ff1722b908706b5a8fc9349d1d5dba09",
        "is_verified": false,
        "line_number": 1
      }
    ],
    ".mypy_cache/3.8/multiprocessing/context.meta.json": [
      {
        "type": "Hex High Entropy String",
        "filename": ".mypy_cache/3.8/multiprocessing/context.meta.json",
        "hashed_secret": "1a623ad8ecf49f166aac2673b38c373b79a7a195",
        "is_verified": false,
        "line_number": 1
      },
      {
        "type": "Hex High Entropy String",
        "filename": ".mypy_cache/3.8/multiprocessing/context.meta.json",
        "hashed_secret": "6e2aea3fb8b4fb3acc39a7781b94b592974f324d",
        "is_verified": false,
        "line_number": 1
      }
    ],
    ".mypy_cache/3.8/multiprocessing/managers.meta.json": [
      {
        "type": "Hex High Entropy String",
        "filename": ".mypy_cache/3.8/multiprocessing/managers.meta.json",
        "hashed_secret": "8e673931bcd78c38dd0d1ddbac624429f465d8cd",
        "is_verified": false,
        "line_number": 1
      },
      {
        "type": "Hex High Entropy String",
        "filename": ".mypy_cache/3.8/multiprocessing/managers.meta.json",
        "hashed_secret": "c18b5191e6d6263966a13a50eeab18a50579c329",
        "is_verified": false,
        "line_number": 1
      }
    ],
    ".mypy_cache/3.8/multiprocessing/pool.meta.json": [
      {
        "type": "Hex High Entropy String",
        "filename": ".mypy_cache/3.8/multiprocessing/pool.meta.json",
        "hashed_secret": "6b8b7c0bcb8d1dd8906beef9b0657f40173ebfaa",
        "is_verified": false,
        "line_number": 1
      },
      {
        "type": "Hex High Entropy String",
        "filename": ".mypy_cache/3.8/multiprocessing/pool.meta.json",
        "hashed_secret": "f2c204ca1f88b5456f2aea1a57946c3651a45f06",
        "is_verified": false,
        "line_number": 1
      }
    ],
    ".mypy_cache/3.8/multiprocessing/popen_fork.meta.json": [
      {
        "type": "Hex High Entropy String",
        "filename": ".mypy_cache/3.8/multiprocessing/popen_fork.meta.json",
        "hashed_secret": "018c6ddd50345d3d2a090c302353d3db60ea527e",
        "is_verified": false,
        "line_number": 1
      },
      {
        "type": "Hex High Entropy String",
        "filename": ".mypy_cache/3.8/multiprocessing/popen_fork.meta.json",
        "hashed_secret": "b746749416c9c03356c44c9e1844126f970055a8",
        "is_verified": false,
        "line_number": 1
      }
    ],
    ".mypy_cache/3.8/multiprocessing/popen_forkserver.meta.json": [
      {
        "type": "Hex High Entropy String",
        "filename": ".mypy_cache/3.8/multiprocessing/popen_forkserver.meta.json",
        "hashed_secret": "7494f0f1d4e4d47e5e52f0433a2364b20d8b7a69",
        "is_verified": false,
        "line_number": 1
      },
      {
        "type": "Hex High Entropy String",
        "filename": ".mypy_cache/3.8/multiprocessing/popen_forkserver.meta.json",
        "hashed_secret": "e337e4ddab0d962fbb38d5b1c34e551a1db09569",
        "is_verified": false,
        "line_number": 1
      }
    ],
    ".mypy_cache/3.8/multiprocessing/popen_spawn_posix.meta.json": [
      {
        "type": "Hex High Entropy String",
        "filename": ".mypy_cache/3.8/multiprocessing/popen_spawn_posix.meta.json",
        "hashed_secret": "5eca18ef302e0c986fe1c29ce3b6075ef9305a6f",
        "is_verified": false,
        "line_number": 1
      },
      {
        "type": "Hex High Entropy String",
        "filename": ".mypy_cache/3.8/multiprocessing/popen_spawn_posix.meta.json",
        "hashed_secret": "caa9e2981ef6c9f47a1f5934b5da520e8437fa32",
        "is_verified": false,
        "line_number": 1
      }
    ],
    ".mypy_cache/3.8/multiprocessing/popen_spawn_win32.meta.json": [
      {
        "type": "Hex High Entropy String",
        "filename": ".mypy_cache/3.8/multiprocessing/popen_spawn_win32.meta.json",
        "hashed_secret": "185551b27f4af78df870be4a873a963db4ab803b",
        "is_verified": false,
        "line_number": 1
      },
      {
        "type": "Hex High Entropy String",
        "filename": ".mypy_cache/3.8/multiprocessing/popen_spawn_win32.meta.json",
        "hashed_secret": "77477d05fdefe48e215e1f6f63200fdbc2b48ab9",
        "is_verified": false,
        "line_number": 1
      }
    ],
    ".mypy_cache/3.8/multiprocessing/process.meta.json": [
      {
        "type": "Hex High Entropy String",
        "filename": ".mypy_cache/3.8/multiprocessing/process.meta.json",
        "hashed_secret": "543ff35edf26a236cbbbea704ffc4dda60be6ab3",
        "is_verified": false,
        "line_number": 1
      },
      {
        "type": "Hex High Entropy String",
        "filename": ".mypy_cache/3.8/multiprocessing/process.meta.json",
        "hashed_secret": "88c80baae0c841f75f383bb2b0f0e5af47287aae",
        "is_verified": false,
        "line_number": 1
      }
    ],
    ".mypy_cache/3.8/multiprocessing/queues.meta.json": [
      {
        "type": "Hex High Entropy String",
        "filename": ".mypy_cache/3.8/multiprocessing/queues.meta.json",
        "hashed_secret": "7fdf1afb2ed4a4fc1ba105ebd3096966cdacf3dc",
        "is_verified": false,
        "line_number": 1
      },
      {
        "type": "Hex High Entropy String",
        "filename": ".mypy_cache/3.8/multiprocessing/queues.meta.json",
        "hashed_secret": "f46f5894111505bc74489798a16f2a41730f5a1a",
        "is_verified": false,
        "line_number": 1
      }
    ],
    ".mypy_cache/3.8/multiprocessing/reduction.meta.json": [
      {
        "type": "Hex High Entropy String",
        "filename": ".mypy_cache/3.8/multiprocessing/reduction.meta.json",
        "hashed_secret": "7ad23552f5140613f13d7500eda78e16633acf62",
        "is_verified": false,
        "line_number": 1
      },
      {
        "type": "Hex High Entropy String",
        "filename": ".mypy_cache/3.8/multiprocessing/reduction.meta.json",
        "hashed_secret": "ac85fe13889992568930c82383b00abeab9834de",
        "is_verified": false,
        "line_number": 1
      }
    ],
    ".mypy_cache/3.8/multiprocessing/shared_memory.meta.json": [
      {
        "type": "Hex High Entropy String",
        "filename": ".mypy_cache/3.8/multiprocessing/shared_memory.meta.json",
        "hashed_secret": "01a3f7a7ae207fd83c241d05e90a19e228bdfc4f",
        "is_verified": false,
        "line_number": 1
      },
      {
        "type": "Hex High Entropy String",
        "filename": ".mypy_cache/3.8/multiprocessing/shared_memory.meta.json",
        "hashed_secret": "7b17d097e9e130a6fb2f5acb07cbe960b64bc30c",
        "is_verified": false,
        "line_number": 1
      }
    ],
    ".mypy_cache/3.8/multiprocessing/sharedctypes.meta.json": [
      {
        "type": "Hex High Entropy String",
        "filename": ".mypy_cache/3.8/multiprocessing/sharedctypes.meta.json",
        "hashed_secret": "3802c17b01a71d337135f6e43d63ca1a21b2e9bf",
        "is_verified": false,
        "line_number": 1
      },
      {
        "type": "Hex High Entropy String",
        "filename": ".mypy_cache/3.8/multiprocessing/sharedctypes.meta.json",
        "hashed_secret": "c8efbdc9f122ab65d58a8426b5cf26dffb2fee38",
        "is_verified": false,
        "line_number": 1
      }
    ],
    ".mypy_cache/3.8/multiprocessing/spawn.meta.json": [
      {
        "type": "Hex High Entropy String",
        "filename": ".mypy_cache/3.8/multiprocessing/spawn.meta.json",
        "hashed_secret": "a72a11f404548398b5b036144fc95bb508d52a05",
        "is_verified": false,
        "line_number": 1
      },
      {
        "type": "Hex High Entropy String",
        "filename": ".mypy_cache/3.8/multiprocessing/spawn.meta.json",
        "hashed_secret": "ecf879032f2f9ec01e64a80fdf4ec032553bc694",
        "is_verified": false,
        "line_number": 1
      }
    ],
    ".mypy_cache/3.8/multiprocessing/synchronize.meta.json": [
      {
        "type": "Hex High Entropy String",
        "filename": ".mypy_cache/3.8/multiprocessing/synchronize.meta.json",
        "hashed_secret": "2e7b7ec4abab0f653d3e2441fce3f558ab495816",
        "is_verified": false,
        "line_number": 1
      },
      {
        "type": "Hex High Entropy String",
        "filename": ".mypy_cache/3.8/multiprocessing/synchronize.meta.json",
        "hashed_secret": "b7ec0d98beb971fe4695735ad7f8a21ddba57c08",
        "is_verified": false,
        "line_number": 1
      }
    ],
    ".mypy_cache/3.8/multiprocessing/util.meta.json": [
      {
        "type": "Hex High Entropy String",
        "filename": ".mypy_cache/3.8/multiprocessing/util.meta.json",
        "hashed_secret": "6f73ae6bfdeaf4d3dead0cc40bef3d728a2385e6",
        "is_verified": false,
        "line_number": 1
      },
      {
        "type": "Hex High Entropy String",
        "filename": ".mypy_cache/3.8/multiprocessing/util.meta.json",
        "hashed_secret": "a547631a763246f183476b56cd0343f9a12b0aa7",
        "is_verified": false,
        "line_number": 1
      }
    ],
    ".mypy_cache/3.8/os/__init__.meta.json": [
      {
        "type": "Hex High Entropy String",
        "filename": ".mypy_cache/3.8/os/__init__.meta.json",
        "hashed_secret": "0ab36719fd69d97047737298c05b5bde801d5c9c",
        "is_verified": false,
        "line_number": 1
      },
      {
        "type": "Hex High Entropy String",
        "filename": ".mypy_cache/3.8/os/__init__.meta.json",
        "hashed_secret": "55077452f5c1abc3c738797e4a167e7f03bb1ceb",
        "is_verified": false,
        "line_number": 1
      }
    ],
    ".mypy_cache/3.8/os/path.meta.json": [
      {
        "type": "Hex High Entropy String",
        "filename": ".mypy_cache/3.8/os/path.meta.json",
        "hashed_secret": "6c861d4c5369f1aa0a40136d2a29436e61566ee1",
        "is_verified": false,
        "line_number": 1
      },
      {
        "type": "Hex High Entropy String",
        "filename": ".mypy_cache/3.8/os/path.meta.json",
        "hashed_secret": "f4f972caa4d664365fafbe714704370fb6b505cd",
        "is_verified": false,
        "line_number": 1
      }
    ],
    ".mypy_cache/3.8/pathlib.meta.json": [
      {
        "type": "Hex High Entropy String",
        "filename": ".mypy_cache/3.8/pathlib.meta.json",
        "hashed_secret": "12260e57826237bd6a630cb4ccd2c282d50a5a8e",
        "is_verified": false,
        "line_number": 1
      },
      {
        "type": "Hex High Entropy String",
        "filename": ".mypy_cache/3.8/pathlib.meta.json",
        "hashed_secret": "4d45a5d5cfb569fb21a501201822242208eb0280",
        "is_verified": false,
        "line_number": 1
      }
    ],
    ".mypy_cache/3.8/pickle.meta.json": [
      {
        "type": "Hex High Entropy String",
        "filename": ".mypy_cache/3.8/pickle.meta.json",
        "hashed_secret": "da585d200543b50ef81aa8869d3816d70383791a",
        "is_verified": false,
        "line_number": 1
      },
      {
        "type": "Hex High Entropy String",
        "filename": ".mypy_cache/3.8/pickle.meta.json",
        "hashed_secret": "e5aa484a25884777d7a6fc694306c93e40d74d16",
        "is_verified": false,
        "line_number": 1
      }
    ],
    ".mypy_cache/3.8/posixpath.meta.json": [
      {
        "type": "Hex High Entropy String",
        "filename": ".mypy_cache/3.8/posixpath.meta.json",
        "hashed_secret": "42833f6868d1f079582521a1e41bbfeaeb106643",
        "is_verified": false,
        "line_number": 1
      },
      {
        "type": "Hex High Entropy String",
        "filename": ".mypy_cache/3.8/posixpath.meta.json",
        "hashed_secret": "767d50ef0cbc6667dc162974f6ec885ba68ffea0",
        "is_verified": false,
        "line_number": 1
      }
    ],
    ".mypy_cache/3.8/queue.meta.json": [
      {
        "type": "Hex High Entropy String",
        "filename": ".mypy_cache/3.8/queue.meta.json",
        "hashed_secret": "0956315a78d1ab5c90b9f46a08e5f6909f73c2b5",
        "is_verified": false,
        "line_number": 1
      },
      {
        "type": "Hex High Entropy String",
        "filename": ".mypy_cache/3.8/queue.meta.json",
        "hashed_secret": "660ad97f74cf7dff774d3aa8fd0a69581c271ec1",
        "is_verified": false,
        "line_number": 1
      }
    ],
    ".mypy_cache/3.8/re.meta.json": [
      {
        "type": "Hex High Entropy String",
        "filename": ".mypy_cache/3.8/re.meta.json",
        "hashed_secret": "2713c1618a06629b769c36921449e322eca5e923",
        "is_verified": false,
        "line_number": 1
      },
      {
        "type": "Hex High Entropy String",
        "filename": ".mypy_cache/3.8/re.meta.json",
        "hashed_secret": "bc80c3fdc0f2c2d1fa462b3cbfc891fa07b62399",
        "is_verified": false,
        "line_number": 1
      }
    ],
    ".mypy_cache/3.8/resource.meta.json": [
      {
        "type": "Hex High Entropy String",
        "filename": ".mypy_cache/3.8/resource.meta.json",
        "hashed_secret": "9ce7466d821e418841a53832e3a2b8d554072859",
        "is_verified": false,
        "line_number": 1
      },
      {
        "type": "Hex High Entropy String",
        "filename": ".mypy_cache/3.8/resource.meta.json",
        "hashed_secret": "fc43fee3d6ef8e8cdc5c2143c0090547479ff63f",
        "is_verified": false,
        "line_number": 1
      }
    ],
    ".mypy_cache/3.8/run.meta.json": [
      {
        "type": "Hex High Entropy String",
        "filename": ".mypy_cache/3.8/run.meta.json",
        "hashed_secret": "1ef352973e4b820005e0dc58f3d669b207e99c40",
        "is_verified": false,
        "line_number": 1
      },
      {
        "type": "Hex High Entropy String",
        "filename": ".mypy_cache/3.8/run.meta.json",
        "hashed_secret": "6c19605c8acb7ef92d2cf92e01949fc0b435d907",
        "is_verified": false,
        "line_number": 1
      }
    ],
    ".mypy_cache/3.8/selectors.meta.json": [
      {
        "type": "Hex High Entropy String",
        "filename": ".mypy_cache/3.8/selectors.meta.json",
        "hashed_secret": "5b076384df37cbee5e089ea4e59634e6fbd2cc74",
        "is_verified": false,
        "line_number": 1
      },
      {
        "type": "Hex High Entropy String",
        "filename": ".mypy_cache/3.8/selectors.meta.json",
        "hashed_secret": "e86807c957c0f99375a501a3c3550892c09e5f5e",
        "is_verified": false,
        "line_number": 1
      }
    ],
    ".mypy_cache/3.8/shutil.meta.json": [
      {
        "type": "Hex High Entropy String",
        "filename": ".mypy_cache/3.8/shutil.meta.json",
        "hashed_secret": "10f1a7a667a5a4d81b7eebf1c9c93b917afc7f06",
        "is_verified": false,
        "line_number": 1
      },
      {
        "type": "Hex High Entropy String",
        "filename": ".mypy_cache/3.8/shutil.meta.json",
        "hashed_secret": "bc9ca9b48065a16688f5d5a5605d7aa51d62063a",
        "is_verified": false,
        "line_number": 1
      }
    ],
    ".mypy_cache/3.8/signal.meta.json": [
      {
        "type": "Hex High Entropy String",
        "filename": ".mypy_cache/3.8/signal.meta.json",
        "hashed_secret": "bdd2d73e3e0101f82ddc79ef7e7c8e23167f6b29",
        "is_verified": false,
        "line_number": 1
      },
      {
        "type": "Hex High Entropy String",
        "filename": ".mypy_cache/3.8/signal.meta.json",
        "hashed_secret": "f1193b1acf9fef2fb96c305c4627058fb0d9a18d",
        "is_verified": false,
        "line_number": 1
      }
    ],
    ".mypy_cache/3.8/socket.meta.json": [
      {
        "type": "Hex High Entropy String",
        "filename": ".mypy_cache/3.8/socket.meta.json",
        "hashed_secret": "13e202a0accfb2df76c28c7c59db814de2d43fa0",
        "is_verified": false,
        "line_number": 1
      },
      {
        "type": "Hex High Entropy String",
        "filename": ".mypy_cache/3.8/socket.meta.json",
        "hashed_secret": "5dea84383a09ea412cd162ef534594cf5aaeeac5",
        "is_verified": false,
        "line_number": 1
      }
    ],
    ".mypy_cache/3.8/sre_compile.meta.json": [
      {
        "type": "Hex High Entropy String",
        "filename": ".mypy_cache/3.8/sre_compile.meta.json",
        "hashed_secret": "7c4f8da3205e7c46b489393c1d5b09be941afb20",
        "is_verified": false,
        "line_number": 1
      },
      {
        "type": "Hex High Entropy String",
        "filename": ".mypy_cache/3.8/sre_compile.meta.json",
        "hashed_secret": "b0f6abfd50d23875c0cdafa01a8110d050ed8c32",
        "is_verified": false,
        "line_number": 1
      }
    ],
    ".mypy_cache/3.8/sre_constants.meta.json": [
      {
        "type": "Hex High Entropy String",
        "filename": ".mypy_cache/3.8/sre_constants.meta.json",
        "hashed_secret": "9fa3941be50fee51f4927627ff9946da5991bd19",
        "is_verified": false,
        "line_number": 1
      },
      {
        "type": "Hex High Entropy String",
        "filename": ".mypy_cache/3.8/sre_constants.meta.json",
        "hashed_secret": "a0cf01a7df52e08552c1be754e4d956a78853696",
        "is_verified": false,
        "line_number": 1
      }
    ],
    ".mypy_cache/3.8/sre_parse.meta.json": [
      {
        "type": "Hex High Entropy String",
        "filename": ".mypy_cache/3.8/sre_parse.meta.json",
        "hashed_secret": "ac0eb2141339efcb7c10d8d957a562e15d259bb2",
        "is_verified": false,
        "line_number": 1
      },
      {
        "type": "Hex High Entropy String",
        "filename": ".mypy_cache/3.8/sre_parse.meta.json",
        "hashed_secret": "d5a44b8f62474cdcb8d0a54fc271276a2c0ab5ff",
        "is_verified": false,
        "line_number": 1
      }
    ],
    ".mypy_cache/3.8/ssl.meta.json": [
      {
        "type": "Hex High Entropy String",
        "filename": ".mypy_cache/3.8/ssl.meta.json",
        "hashed_secret": "569f8e02e1de2379ef59e3dfc4cb128144e6d85e",
        "is_verified": false,
        "line_number": 1
      },
      {
        "type": "Hex High Entropy String",
        "filename": ".mypy_cache/3.8/ssl.meta.json",
        "hashed_secret": "b7e6470a1181db216f1436558a690de27f1a8e98",
        "is_verified": false,
        "line_number": 1
      }
    ],
    ".mypy_cache/3.8/string.meta.json": [
      {
        "type": "Hex High Entropy String",
        "filename": ".mypy_cache/3.8/string.meta.json",
        "hashed_secret": "18a48be4f9f0e56041c94c9893b88ce5560b18da",
        "is_verified": false,
        "line_number": 1
      },
      {
        "type": "Hex High Entropy String",
        "filename": ".mypy_cache/3.8/string.meta.json",
        "hashed_secret": "89737bbfaafb58eb4d91fb267523022a684240f2",
        "is_verified": false,
        "line_number": 1
      }
    ],
    ".mypy_cache/3.8/subprocess.meta.json": [
      {
        "type": "Hex High Entropy String",
        "filename": ".mypy_cache/3.8/subprocess.meta.json",
        "hashed_secret": "6a8ff0a735f59dfde22c105b589db38737f7840c",
        "is_verified": false,
        "line_number": 1
      },
      {
        "type": "Hex High Entropy String",
        "filename": ".mypy_cache/3.8/subprocess.meta.json",
        "hashed_secret": "6fbefec6209e29279fde1c3a2fee85aa5750f6be",
        "is_verified": false,
        "line_number": 1
      }
    ],
    ".mypy_cache/3.8/sys/__init__.meta.json": [
      {
        "type": "Hex High Entropy String",
        "filename": ".mypy_cache/3.8/sys/__init__.meta.json",
        "hashed_secret": "2f7b65ece65bb9591893f8b1d9c37ad723b0b61d",
        "is_verified": false,
        "line_number": 1
      },
      {
        "type": "Hex High Entropy String",
        "filename": ".mypy_cache/3.8/sys/__init__.meta.json",
        "hashed_secret": "f1ac74b41671df67bec24f204b37824ca128e792",
        "is_verified": false,
        "line_number": 1
      }
    ],
    ".mypy_cache/3.8/tarfile.meta.json": [
      {
        "type": "Hex High Entropy String",
        "filename": ".mypy_cache/3.8/tarfile.meta.json",
        "hashed_secret": "7bbee2590791f0d530ad85906fb99a6e7f15459d",
        "is_verified": false,
        "line_number": 1
      },
      {
        "type": "Hex High Entropy String",
        "filename": ".mypy_cache/3.8/tarfile.meta.json",
        "hashed_secret": "b147895f7da4af364f8b3091bd03d5a56f0c9b14",
        "is_verified": false,
        "line_number": 1
      }
    ],
    ".mypy_cache/3.8/tempfile.meta.json": [
      {
        "type": "Hex High Entropy String",
        "filename": ".mypy_cache/3.8/tempfile.meta.json",
        "hashed_secret": "4f6776b9bde7db9b1538eec9fcf46b5923f6973e",
        "is_verified": false,
        "line_number": 1
      },
      {
        "type": "Hex High Entropy String",
        "filename": ".mypy_cache/3.8/tempfile.meta.json",
        "hashed_secret": "7e4feee7baed6b4b7b730497eb8f55c5b5221ebe",
        "is_verified": false,
        "line_number": 1
      }
    ],
    ".mypy_cache/3.8/tests/__init__.meta.json": [
      {
        "type": "Hex High Entropy String",
        "filename": ".mypy_cache/3.8/tests/__init__.meta.json",
        "hashed_secret": "6e8f8b4d8008efbef1138e60588b5a1dd1723203",
        "is_verified": false,
        "line_number": 1
      },
      {
        "type": "Hex High Entropy String",
        "filename": ".mypy_cache/3.8/tests/__init__.meta.json",
        "hashed_secret": "9184b410d97e78e51957ec63eda38d18f6b062e1",
        "is_verified": false,
        "line_number": 1
      }
    ],
    ".mypy_cache/3.8/tests/test_bot.meta.json": [
      {
        "type": "Hex High Entropy String",
        "filename": ".mypy_cache/3.8/tests/test_bot.meta.json",
        "hashed_secret": "be66ec04b4afb41fa0877469b420618e488f0e21",
        "is_verified": false,
        "line_number": 1
      },
      {
        "type": "Hex High Entropy String",
        "filename": ".mypy_cache/3.8/tests/test_bot.meta.json",
        "hashed_secret": "ce2dbb3d7059e48382edf2258ef568aab38cb621",
        "is_verified": false,
        "line_number": 1
      }
    ],
    ".mypy_cache/3.8/tests/test_command_parser.meta.json": [
      {
        "type": "Hex High Entropy String",
        "filename": ".mypy_cache/3.8/tests/test_command_parser.meta.json",
        "hashed_secret": "0c9cceed56412cab2a661d640460a83a53cf2f7f",
        "is_verified": false,
        "line_number": 1
      },
      {
        "type": "Hex High Entropy String",
        "filename": ".mypy_cache/3.8/tests/test_command_parser.meta.json",
        "hashed_secret": "15d216cc307bf92f7d30f7bedd9107e0c5cf53f1",
        "is_verified": false,
        "line_number": 1
      }
    ],
    ".mypy_cache/3.8/tests/test_config.meta.json": [
      {
        "type": "Hex High Entropy String",
        "filename": ".mypy_cache/3.8/tests/test_config.meta.json",
        "hashed_secret": "b4be102adbc13c19ce21f476e6e4dc7949684195",
        "is_verified": false,
        "line_number": 1
      },
      {
        "type": "Hex High Entropy String",
        "filename": ".mypy_cache/3.8/tests/test_config.meta.json",
        "hashed_secret": "f4f37417ae2be1d01ac11d6c8a5347e241bf4c30",
        "is_verified": false,
        "line_number": 1
      }
    ],
    ".mypy_cache/3.8/tests/test_discord_bot.meta.json": [
      {
        "type": "Hex High Entropy String",
        "filename": ".mypy_cache/3.8/tests/test_discord_bot.meta.json",
        "hashed_secret": "5a930b8b646b211d5529aa777a0f4969c17e8155",
        "is_verified": false,
        "line_number": 1
      },
      {
        "type": "Hex High Entropy String",
        "filename": ".mypy_cache/3.8/tests/test_discord_bot.meta.json",
        "hashed_secret": "901ee979627eac0c0e9adbd95b253ac2a8170e02",
        "is_verified": false,
        "line_number": 1
      }
    ],
    ".mypy_cache/3.8/tests/test_gpio_handler.meta.json": [
      {
        "type": "Hex High Entropy String",
        "filename": ".mypy_cache/3.8/tests/test_gpio_handler.meta.json",
        "hashed_secret": "036e8f726b28c053279f002ca08ecf786205044f",
        "is_verified": false,
        "line_number": 1
      },
      {
        "type": "Hex High Entropy String",
        "filename": ".mypy_cache/3.8/tests/test_gpio_handler.meta.json",
        "hashed_secret": "cbb08ac97271ee1c5b6b289de65fe55c0ca571a0",
        "is_verified": false,
        "line_number": 1
      }
    ],
    ".mypy_cache/3.8/tests/test_gpio_interface.meta.json": [
      {
        "type": "Hex High Entropy String",
        "filename": ".mypy_cache/3.8/tests/test_gpio_interface.meta.json",
        "hashed_secret": "b55cdfb62a6803f73904a76a2c564a1af4e25a8b",
        "is_verified": false,
        "line_number": 1
      },
      {
        "type": "Hex High Entropy String",
        "filename": ".mypy_cache/3.8/tests/test_gpio_interface.meta.json",
        "hashed_secret": "d8bd2b849715a241d7c24e4eb0345e54f6a46937",
        "is_verified": false,
        "line_number": 1
      }
    ],
    ".mypy_cache/3.8/tests/test_scheduler.meta.json": [
      {
        "type": "Hex High Entropy String",
        "filename": ".mypy_cache/3.8/tests/test_scheduler.meta.json",
        "hashed_secret": "dbab34ba21a0ea5924e746f8fb359aec4775169d",
        "is_verified": false,
        "line_number": 1
      },
      {
        "type": "Hex High Entropy String",
        "filename": ".mypy_cache/3.8/tests/test_scheduler.meta.json",
        "hashed_secret": "e730fbc29951344bc73c6ccd4c7db40a26ab069a",
        "is_verified": false,
        "line_number": 1
      }
    ],
    ".mypy_cache/3.8/threading.meta.json": [
      {
        "type": "Hex High Entropy String",
        "filename": ".mypy_cache/3.8/threading.meta.json",
        "hashed_secret": "4b9cb900f6cbeacea361de95c73c22e2c3c7e255",
        "is_verified": false,
        "line_number": 1
      },
      {
        "type": "Hex High Entropy String",
        "filename": ".mypy_cache/3.8/threading.meta.json",
        "hashed_secret": "59f955ce681a7f4a5620a5614ff1e2c1531ebcb8",
        "is_verified": false,
        "line_number": 1
      }
    ],
    ".mypy_cache/3.8/time.meta.json": [
      {
        "type": "Hex High Entropy String",
        "filename": ".mypy_cache/3.8/time.meta.json",
        "hashed_secret": "22db0e06e8f991b4089e83cb4d88bb8c2155c6ef",
        "is_verified": false,
        "line_number": 1
      },
      {
        "type": "Hex High Entropy String",
        "filename": ".mypy_cache/3.8/time.meta.json",
        "hashed_secret": "96d5a0d8e6209914c78f0a86de184cd772229c7c",
        "is_verified": false,
        "line_number": 1
      }
    ],
    ".mypy_cache/3.8/types.meta.json": [
      {
        "type": "Hex High Entropy String",
        "filename": ".mypy_cache/3.8/types.meta.json",
        "hashed_secret": "8cd752bd022b6eaa73f6fa66d63f9fa4fd6840f2",
        "is_verified": false,
        "line_number": 1
      },
      {
        "type": "Hex High Entropy String",
        "filename": ".mypy_cache/3.8/types.meta.json",
        "hashed_secret": "a4b6cde9b3be39f8d9feae15f0b7a3ccc3333d7c",
        "is_verified": false,
        "line_number": 1
      }
    ],
    ".mypy_cache/3.8/typing.meta.json": [
      {
        "type": "Hex High Entropy String",
        "filename": ".mypy_cache/3.8/typing.meta.json",
        "hashed_secret": "19f0cbeefcf5207b91ad4778e1f9a771a77757a7",
        "is_verified": false,
        "line_number": 1
      },
      {
        "type": "Hex High Entropy String",
        "filename": ".mypy_cache/3.8/typing.meta.json",
        "hashed_secret": "f5e4cb2679a402a9a15199f009a433342f3571c6",
        "is_verified": false,
        "line_number": 1
      }
    ],
    ".mypy_cache/3.8/typing_extensions.meta.json": [
      {
        "type": "Hex High Entropy String",
        "filename": ".mypy_cache/3.8/typing_extensions.meta.json",
        "hashed_secret": "580b1c9718e494e2dcc622296484ee901a65ea6e",
        "is_verified": false,
        "line_number": 1
      },
      {
        "type": "Hex High Entropy String",
        "filename": ".mypy_cache/3.8/typing_extensions.meta.json",
        "hashed_secret": "9e98f55cb0be2dee29d98bcc46f0916db4046f9b",
        "is_verified": false,
        "line_number": 1
      }
    ],
    ".mypy_cache/3.8/unittest/__init__.meta.json": [
      {
        "type": "Hex High Entropy String",
        "filename": ".mypy_cache/3.8/unittest/__init__.meta.json",
        "hashed_secret": "35489afbe42f581bcb2cb732d7b723a4ba2c3aa5",
        "is_verified": false,
        "line_number": 1
      },
      {
        "type": "Hex High Entropy String",
        "filename": ".mypy_cache/3.8/unittest/__init__.meta.json",
        "hashed_secret": "3718fb2096b9e4a2610afb69e06c5f3c441d8843",
        "is_verified": false,
        "line_number": 1
      }
    ],
    ".mypy_cache/3.8/unittest/async_case.meta.json": [
      {
        "type": "Hex High Entropy String",
        "filename": ".mypy_cache/3.8/unittest/async_case.meta.json",
        "hashed_secret": "126f99a27fba630630e8b846e63cdef0b763a231",
        "is_verified": false,
        "line_number": 1
      },
      {
        "type": "Hex High Entropy String",
        "filename": ".mypy_cache/3.8/unittest/async_case.meta.json",
        "hashed_secret": "cd2b3b2979991cef63a5c391ad7b76485a517d1c",
        "is_verified": false,
        "line_number": 1
      }
    ],
    ".mypy_cache/3.8/unittest/case.meta.json": [
      {
        "type": "Hex High Entropy String",
        "filename": ".mypy_cache/3.8/unittest/case.meta.json",
        "hashed_secret": "2cbf607b1cb6bbac60052a50f4eba00ce9e7cad9",
        "is_verified": false,
        "line_number": 1
      },
      {
        "type": "Hex High Entropy String",
        "filename": ".mypy_cache/3.8/unittest/case.meta.json",
        "hashed_secret": "dcffb48c0c672a829280b33e16fc39e117b0d39c",
        "is_verified": false,
        "line_number": 1
      }
    ],
    ".mypy_cache/3.8/unittest/loader.meta.json": [
      {
        "type": "Hex High Entropy String",
        "filename": ".mypy_cache/3.8/unittest/loader.meta.json",
        "hashed_secret": "60cbe7b190c58b9d41ee74c845e97fab4487f1b5",
        "is_verified": false,
        "line_number": 1
      },
      {
        "type": "Hex High Entropy String",
        "filename": ".mypy_cache/3.8/unittest/loader.meta.json",
        "hashed_secret": "b402d0ca42378dc01ddfb6961e0b1cce6962fbbb",
        "is_verified": false,
        "line_number": 1
      }
    ],
    ".mypy_cache/3.8/unittest/main.meta.json": [
      {
        "type": "Hex High Entropy String",
        "filename": ".mypy_cache/3.8/unittest/main.meta.json",
        "hashed_secret": "a0f403d5fc8cc6a6955aadaab1ae9b19e9342730",
        "is_verified": false,
        "line_number": 1
      },
      {
        "type": "Hex High Entropy String",
        "filename": ".mypy_cache/3.8/unittest/main.meta.json",
        "hashed_secret": "a6092b2d219d18e33f48b4599bc4cbdd627adba4",
        "is_verified": false,
        "line_number": 1
      }
    ],
    ".mypy_cache/3.8/unittest/mock.meta.json": [
      {
        "type": "Hex High Entropy String",
        "filename": ".mypy_cache/3.8/unittest/mock.meta.json",
        "hashed_secret": "3a5e3cfeafe0674197570623c5017405d169597d",
        "is_verified": false,
        "line_number": 1
      },
      {
        "type": "Hex High Entropy String",
        "filename": ".mypy_cache/3.8/unittest/mock.meta.json",
        "hashed_secret": "5c460a2250e2aadf0384560f074de94ed283a10d",
        "is_verified": false,
        "line_number": 1
      }
    ],
    ".mypy_cache/3.8/unittest/result.meta.json": [
      {
        "type": "Hex High Entropy String",
        "filename": ".mypy_cache/3.8/unittest/result.meta.json",
        "hashed_secret": "356243b16d9c6b7f4a9ad7a766a2ea616e3d16aa",
        "is_verified": false,
        "line_number": 1
      },
      {
        "type": "Hex High Entropy String",
        "filename": ".mypy_cache/3.8/unittest/result.meta.json",
        "hashed_secret": "ba08ed35fac33510fef49fdea06a3d42cd697807",
        "is_verified": false,
        "line_number": 1
      }
    ],
    ".mypy_cache/3.8/unittest/runner.meta.json": [
      {
        "type": "Hex High Entropy String",
        "filename": ".mypy_cache/3.8/unittest/runner.meta.json",
        "hashed_secret": "353e9db5db4415106f22badd2a14d0e98ba193a4",
        "is_verified": false,
        "line_number": 1
      },
      {
        "type": "Hex High Entropy String",
        "filename": ".mypy_cache/3.8/unittest/runner.meta.json",
        "hashed_secret": "e94bfbb67e1d376c1e1c59b2e2b7da2af932fb0d",
        "is_verified": false,
        "line_number": 1
      }
    ],
    ".mypy_cache/3.8/unittest/signals.meta.json": [
      {
        "type": "Hex High Entropy String",
        "filename": ".mypy_cache/3.8/unittest/signals.meta.json",
        "hashed_secret": "52c5f5678b7cddb8fe3dfb8cf5f4740afd57c5b7",
        "is_verified": false,
        "line_number": 1
      },
      {
        "type": "Hex High Entropy String",
        "filename": ".mypy_cache/3.8/unittest/signals.meta.json",
        "hashed_secret": "a215fc0b530b52be257f6c24c7f49e9f8128e05a",
        "is_verified": false,
        "line_number": 1
      }
    ],
    ".mypy_cache/3.8/unittest/suite.meta.json": [
      {
        "type": "Hex High Entropy String",
        "filename": ".mypy_cache/3.8/unittest/suite.meta.json",
        "hashed_secret": "0de45a31576385d4dc78562949cdcd64eb5d37ad",
        "is_verified": false,
        "line_number": 1
      },
      {
        "type": "Hex High Entropy String",
        "filename": ".mypy_cache/3.8/unittest/suite.meta.json",
        "hashed_secret": "578ca10fe2b6a703fcacc7a9644333b8e452f036",
        "is_verified": false,
        "line_number": 1
      }
    ],
    ".mypy_cache/3.8/warnings.meta.json": [
      {
        "type": "Hex High Entropy String",
        "filename": ".mypy_cache/3.8/warnings.meta.json",
        "hashed_secret": "3bac8b63fd8ca2dbe1c562cfd70896d41d2dbea0",
        "is_verified": false,
        "line_number": 1
      },
      {
        "type": "Hex High Entropy String",
        "filename": ".mypy_cache/3.8/warnings.meta.json",
        "hashed_secret": "747bcd327b457b02a23b302d4144752070bfb305",
        "is_verified": false,
        "line_number": 1
      }
    ],
    ".mypy_cache/3.8/waterbot/__init__.meta.json": [
      {
        "type": "Hex High Entropy String",
        "filename": ".mypy_cache/3.8/waterbot/__init__.meta.json",
        "hashed_secret": "24e93d215fdfb4a1c26a7294c9b84a079a20202b",
        "is_verified": false,
        "line_number": 1
      },
      {
        "type": "Hex High Entropy String",
        "filename": ".mypy_cache/3.8/waterbot/__init__.meta.json",
        "hashed_secret": "277ca40117f63f6ba3915201a8f5aae0c7128d6f",
        "is_verified": false,
        "line_number": 1
      }
    ],
    ".mypy_cache/3.8/waterbot/bot.meta.json": [
      {
        "type": "Hex High Entropy String",
        "filename": ".mypy_cache/3.8/waterbot/bot.meta.json",
        "hashed_secret": "3faf8fc06af8ceb2c37bb221e667025ca3c4fe93",
        "is_verified": false,
        "line_number": 1
      },
      {
        "type": "Hex High Entropy String",
        "filename": ".mypy_cache/3.8/waterbot/bot.meta.json",
        "hashed_secret": "cae9a3dd0d3fbdda2da891231cc53ddd91772da7",
        "is_verified": false,
        "line_number": 1
      }
    ],
    ".mypy_cache/3.8/waterbot/config.meta.json": [
      {
        "type": "Hex High Entropy String",
        "filename": ".mypy_cache/3.8/waterbot/config.meta.json",
        "hashed_secret": "0e8f0b2e7e74a841b1ca3d5b59cf11b8757aba93",
        "is_verified": false,
        "line_number": 1
      },
      {
        "type": "Hex High Entropy String",
        "filename": ".mypy_cache/3.8/waterbot/config.meta.json",
        "hashed_secret": "d4c0258a88e1fa1f54f68987751e7418af0651cd",
        "is_verified": false,
        "line_number": 1
      }
    ],
    ".mypy_cache/3.8/waterbot/discord/__init__.meta.json": [
      {
        "type": "Hex High Entropy String",
        "filename": ".mypy_cache/3.8/waterbot/discord/__init__.meta.json",
        "hashed_secret": "ea8e4225432b0a8ce333c3cc836b3c357e688dba",
        "is_verified": false,
        "line_number": 1
      },
      {
        "type": "Hex High Entropy String",
        "filename": ".mypy_cache/3.8/waterbot/discord/__init__.meta.json",
        "hashed_secret": "ecca29c3a4ab815b0f26f5b643e28ca4a03e4f6d",
        "is_verified": false,
        "line_number": 1
      }
    ],
    ".mypy_cache/3.8/waterbot/discord/bot.meta.json": [
      {
        "type": "Hex High Entropy String",
        "filename": ".mypy_cache/3.8/waterbot/discord/bot.meta.json",
        "hashed_secret": "39d0c8dd0258ab369bc86d4445e0ff48586b6cbf",
        "is_verified": false,
        "line_number": 1
      },
      {
        "type": "Hex High Entropy String",
        "filename": ".mypy_cache/3.8/waterbot/discord/bot.meta.json",
        "hashed_secret": "7c335f014e3d32bb8b4c3ce6acdb0651924472dd",
        "is_verified": false,
        "line_number": 1
      }
    ],
    ".mypy_cache/3.8/waterbot/gpio/__init__.meta.json": [
      {
        "type": "Hex High Entropy String",
        "filename": ".mypy_cache/3.8/waterbot/gpio/__init__.meta.json",
        "hashed_secret": "08c084b8bf672788bcaae00ca6b6c89ec1695f88",
        "is_verified": false,
        "line_number": 1
      },
      {
        "type": "Hex High Entropy String",
        "filename": ".mypy_cache/3.8/waterbot/gpio/__init__.meta.json",
        "hashed_secret": "4851537ea44cdcec5b5dbf954c937373bd4b6851",
        "is_verified": false,
        "line_number": 1
      }
    ],
    ".mypy_cache/3.8/waterbot/gpio/handler.meta.json": [
      {
        "type": "Hex High Entropy String",
        "filename": ".mypy_cache/3.8/waterbot/gpio/handler.meta.json",
        "hashed_secret": "5de547a4e7a792d8575467232f33617fc635d80b",
        "is_verified": false,
        "line_number": 1
      },
      {
        "type": "Hex High Entropy String",
        "filename": ".mypy_cache/3.8/waterbot/gpio/handler.meta.json",
        "hashed_secret": "b39d292fb19045608deb2bef0f485cd7014d0357",
        "is_verified": false,
        "line_number": 1
      }
    ],
    ".mypy_cache/3.8/waterbot/gpio/interface.meta.json": [
      {
        "type": "Hex High Entropy String",
        "filename": ".mypy_cache/3.8/waterbot/gpio/interface.meta.json",
        "hashed_secret": "01ac717832827443834cf4b279f805181c854395",
        "is_verified": false,
        "line_number": 1
      },
      {
        "type": "Hex High Entropy String",
        "filename": ".mypy_cache/3.8/waterbot/gpio/interface.meta.json",
        "hashed_secret": "794f9fc0225b64718bbf06a74fab9de430172816",
        "is_verified": false,
        "line_number": 1
      }
    ],
    ".mypy_cache/3.8/waterbot/openai_integration.meta.json": [
      {
        "type": "Hex High Entropy String",
        "filename": ".mypy_cache/3.8/waterbot/openai_integration.meta.json",
        "hashed_secret": "dac8c86a7b348722c51486046bfe94b120df582e",
        "is_verified": false,
        "line_number": 1
      },
      {
        "type": "Hex High Entropy String",
        "filename": ".mypy_cache/3.8/waterbot/openai_integration.meta.json",
        "hashed_secret": "e2670d342dfa6769bc8db95400c70424152625b0",
        "is_verified": false,
        "line_number": 1
      }
    ],
    ".mypy_cache/3.8/waterbot/scheduler.meta.json": [
      {
        "type": "Hex High Entropy String",
        "filename": ".mypy_cache/3.8/waterbot/scheduler.meta.json",
        "hashed_secret": "2530ba839e729edb04931bb9a6b892e82700ac3a",
        "is_verified": false,
        "line_number": 1
      },
      {
        "type": "Hex High Entropy String",
        "filename": ".mypy_cache/3.8/waterbot/scheduler.meta.json",
        "hashed_secret": "6c179c16185a7d4c182924d2922fcf957522da5c",
        "is_verified": false,
        "line_number": 1
      }
    ],
    ".mypy_cache/3.8/waterbot/utils/__init__.meta.json": [
      {
        "type": "Hex High Entropy String",
        "filename": ".mypy_cache/3.8/waterbot/utils/__init__.meta.json",
        "hashed_secret": "25aff4736e5b80e6f643b8171188c6c8f2af4eb2",
        "is_verified": false,
        "line_number": 1
      },
      {
        "type": "Hex High Entropy String",
        "filename": ".mypy_cache/3.8/waterbot/utils/__init__.meta.json",
        "hashed_secret": "9fe7bfb396ab3798630a8c92880234a504e0a34e",
        "is_verified": false,
        "line_number": 1
      }
    ],
    ".mypy_cache/3.8/waterbot/utils/command_parser.meta.json": [
      {
        "type": "Hex High Entropy String",
        "filename": ".mypy_cache/3.8/waterbot/utils/command_parser.meta.json",
        "hashed_secret": "b77cd8f832b6b74b87f8a2512a8d1788017adfe9",
        "is_verified": false,
        "line_number": 1
      },
      {
        "type": "Hex High Entropy String",
        "filename": ".mypy_cache/3.8/waterbot/utils/command_parser.meta.json",
        "hashed_secret": "be83a40e4abaf502dd0892ecb4f1a5111ed39d2e",
        "is_verified": false,
        "line_number": 1
      }
    ],
    ".mypy_cache/3.8/weakref.meta.json": [
      {
        "type": "Hex High Entropy String",
        "filename": ".mypy_cache/3.8/weakref.meta.json",
        "hashed_secret": "b836603fed0a19a87b7475c12ade2bcddfd0bc10",
        "is_verified": false,
        "line_number": 1
      },
      {
        "type": "Hex High Entropy String",
        "filename": ".mypy_cache/3.8/weakref.meta.json",
        "hashed_secret": "dcad727f126cd7d4d484c48ccf9fade174d40966",
        "is_verified": false,
        "line_number": 1
      }
    ],
    ".mypy_cache/3.8/zlib.meta.json": [
      {
        "type": "Hex High Entropy String",
        "filename": ".mypy_cache/3.8/zlib.meta.json",
        "hashed_secret": "ba43fbb7d7ea2b7089ab999a24620742b3f0f3d0",
        "is_verified": false,
        "line_number": 1
      },
      {
        "type": "Hex High Entropy String",
        "filename": ".mypy_cache/3.8/zlib.meta.json",
        "hashed_secret": "c68ae0624132ddd663bb4bef7abe9f54b0a919e2",
        "is_verified": false,
        "line_number": 1
      }
    ],
    ".mypy_cache/CACHEDIR.TAG": [
      {
        "type": "Hex High Entropy String",
        "filename": ".mypy_cache/CACHEDIR.TAG",
        "hashed_secret": "e8f8c345877b2411a59897798e422b15b0c16d76",
        "is_verified": false,
        "line_number": 1
      }
    ],
    ".pytest_cache/CACHEDIR.TAG": [
      {
        "type": "Hex High Entropy String",
        "filename": ".pytest_cache/CACHEDIR.TAG",
        "hashed_secret": "e8f8c345877b2411a59897798e422b15b0c16d76",
        "is_verified": false,
        "line_number": 1
      }
    ],
    "htmlcov/status.json": [
      {
        "type": "Hex High Entropy String",
        "filename": "htmlcov/status.json",
        "hashed_secret": "232e2bfe50bed067c8ef66d5a9a5fa26554883d6",
        "is_verified": false,
        "line_number": 1
      },
      {
        "type": "Hex High Entropy String",
        "filename": "htmlcov/status.json",
        "hashed_secret": "4137052e7bcfda8bfd7caf421337733b1a362a87",
        "is_verified": false,
        "line_number": 1
      },
      {
        "type": "Hex High Entropy String",
        "filename": "htmlcov/status.json",
        "hashed_secret": "42f89ed8dc8b37ae2760fe34bc8f8275cf39cc0c",
        "is_verified": false,
        "line_number": 1
      },
      {
        "type": "Hex High Entropy String",
        "filename": "htmlcov/status.json",
        "hashed_secret": "58ded888f0759bde1a555376e890f2a1ba20458e",
        "is_verified": false,
        "line_number": 1
      },
      {
        "type": "Hex High Entropy String",
        "filename": "htmlcov/status.json",
        "hashed_secret": "65973842e7ec890397cf27bf7b4627ac82208eae",
        "is_verified": false,
        "line_number": 1
      },
      {
        "type": "Hex High Entropy String",
        "filename": "htmlcov/status.json",
        "hashed_secret": "77e76dbdf7baee6752274cc9740003e6059a99b4",
        "is_verified": false,
        "line_number": 1
      },
      {
        "type": "Hex High Entropy String",
        "filename": "htmlcov/status.json",
        "hashed_secret": "b7dfb2f9deffa06de496c719fdb105afb49cdebe",
        "is_verified": false,
        "line_number": 1
      },
      {
        "type": "Hex High Entropy String",
        "filename": "htmlcov/status.json",
        "hashed_secret": "b83bb72df79aa91392baa44c211d9b918522914e",
        "is_verified": false,
        "line_number": 1
      },
      {
        "type": "Hex High Entropy String",
        "filename": "htmlcov/status.json",
        "hashed_secret": "dca0d537cc498498ce8a71ba9d2f381126b9a5d1",
        "is_verified": false,
        "line_number": 1
      },
      {
        "type": "Hex High Entropy String",
        "filename": "htmlcov/status.json",
        "hashed_secret": "eeb44e11a0bc6ec20de1f19ebc55b7f357723e50",
        "is_verified": false,
        "line_number": 1
      }
    ]
  },
  "generated_at": "2025-07-02T02:35:32Z"
}
